                                      1 ;--------------------------------------------------------
                                      2 ; File Created by SDCC : free open source ANSI-C Compiler
                                      3 ; Version 4.1.6 #12539 (MINGW32)
                                      4 ;--------------------------------------------------------
                                      5 	.module backgroundGraphics
                                      6 	.optsdcc -mgbz80
                                      7 	
                                      8 ;--------------------------------------------------------
                                      9 ; Public variables in this module
                                     10 ;--------------------------------------------------------
                                     11 	.globl _bgGraphics
                                     12 	.globl ___bank_bgGraphics
                                     13 ;--------------------------------------------------------
                                     14 ; special function registers
                                     15 ;--------------------------------------------------------
                                     16 ;--------------------------------------------------------
                                     17 ; ram data
                                     18 ;--------------------------------------------------------
                                     19 	.area _DATA
                                     20 ;--------------------------------------------------------
                                     21 ; ram data
                                     22 ;--------------------------------------------------------
                                     23 	.area _INITIALIZED
                                     24 ;--------------------------------------------------------
                                     25 ; absolute external ram data
                                     26 ;--------------------------------------------------------
                                     27 	.area _DABS (ABS)
                                     28 ;--------------------------------------------------------
                                     29 ; global & static initialisations
                                     30 ;--------------------------------------------------------
                                     31 	.area _HOME
                                     32 	.area _GSINIT
                                     33 	.area _GSFINAL
                                     34 	.area _GSINIT
                                     35 ;--------------------------------------------------------
                                     36 ; Home
                                     37 ;--------------------------------------------------------
                                     38 	.area _HOME
                                     39 	.area _HOME
                                     40 ;--------------------------------------------------------
                                     41 ; code
                                     42 ;--------------------------------------------------------
                                     43 	.area _CODE_1
                                     44 	.area _CODE_1
                           000001    45 ___bank_bgGraphics	=	0x0001
      000000                         46 _bgGraphics:
      000000 00                      47 	.db #0x00	; 0
      000001 00                      48 	.db #0x00	; 0
      000002 00                      49 	.db #0x00	; 0
      000003 00                      50 	.db #0x00	; 0
      000004 00                      51 	.db #0x00	; 0
      000005 00                      52 	.db #0x00	; 0
      000006 00                      53 	.db #0x00	; 0
      000007 00                      54 	.db #0x00	; 0
      000008 00                      55 	.db #0x00	; 0
      000009 00                      56 	.db #0x00	; 0
      00000A 00                      57 	.db #0x00	; 0
      00000B 00                      58 	.db #0x00	; 0
      00000C 00                      59 	.db #0x00	; 0
      00000D 00                      60 	.db #0x00	; 0
      00000E 00                      61 	.db #0x00	; 0
      00000F 00                      62 	.db #0x00	; 0
      000010 7F                      63 	.db #0x7f	; 127
      000011 7F                      64 	.db #0x7f	; 127
      000012 7F                      65 	.db #0x7f	; 127
      000013 7F                      66 	.db #0x7f	; 127
      000014 7F                      67 	.db #0x7f	; 127
      000015 7F                      68 	.db #0x7f	; 127
      000016 7F                      69 	.db #0x7f	; 127
      000017 7F                      70 	.db #0x7f	; 127
      000018 7F                      71 	.db #0x7f	; 127
      000019 7F                      72 	.db #0x7f	; 127
      00001A 7F                      73 	.db #0x7f	; 127
      00001B 7F                      74 	.db #0x7f	; 127
      00001C 7F                      75 	.db #0x7f	; 127
      00001D 7F                      76 	.db #0x7f	; 127
      00001E 7F                      77 	.db #0x7f	; 127
      00001F 7F                      78 	.db #0x7f	; 127
      000020 FF                      79 	.db #0xff	; 255
      000021 FF                      80 	.db #0xff	; 255
      000022 FF                      81 	.db #0xff	; 255
      000023 FF                      82 	.db #0xff	; 255
      000024 FF                      83 	.db #0xff	; 255
      000025 FF                      84 	.db #0xff	; 255
      000026 FF                      85 	.db #0xff	; 255
      000027 FF                      86 	.db #0xff	; 255
      000028 FF                      87 	.db #0xff	; 255
      000029 FF                      88 	.db #0xff	; 255
      00002A FF                      89 	.db #0xff	; 255
      00002B FF                      90 	.db #0xff	; 255
      00002C FF                      91 	.db #0xff	; 255
      00002D FF                      92 	.db #0xff	; 255
      00002E FF                      93 	.db #0xff	; 255
      00002F FF                      94 	.db #0xff	; 255
      000030 3F                      95 	.db #0x3f	; 63
      000031 E2                      96 	.db #0xe2	; 226
      000032 3F                      97 	.db #0x3f	; 63
      000033 E2                      98 	.db #0xe2	; 226
      000034 3F                      99 	.db #0x3f	; 63
      000035 E2                     100 	.db #0xe2	; 226
      000036 3F                     101 	.db #0x3f	; 63
      000037 E2                     102 	.db #0xe2	; 226
      000038 7F                     103 	.db #0x7f	; 127
      000039 C6                     104 	.db #0xc6	; 198
      00003A 7F                     105 	.db #0x7f	; 127
      00003B C6                     106 	.db #0xc6	; 198
      00003C 7F                     107 	.db #0x7f	; 127
      00003D C6                     108 	.db #0xc6	; 198
      00003E 7F                     109 	.db #0x7f	; 127
      00003F C6                     110 	.db #0xc6	; 198
      000040 0C                     111 	.db #0x0c	; 12
      000041 0C                     112 	.db #0x0c	; 12
      000042 0C                     113 	.db #0x0c	; 12
      000043 0C                     114 	.db #0x0c	; 12
      000044 0C                     115 	.db #0x0c	; 12
      000045 0C                     116 	.db #0x0c	; 12
      000046 0C                     117 	.db #0x0c	; 12
      000047 0C                     118 	.db #0x0c	; 12
      000048 0C                     119 	.db #0x0c	; 12
      000049 0C                     120 	.db #0x0c	; 12
      00004A 0C                     121 	.db #0x0c	; 12
      00004B 0C                     122 	.db #0x0c	; 12
      00004C 0C                     123 	.db #0x0c	; 12
      00004D 0C                     124 	.db #0x0c	; 12
      00004E 0C                     125 	.db #0x0c	; 12
      00004F 0C                     126 	.db #0x0c	; 12
      000050 06                     127 	.db #0x06	; 6
      000051 FF                     128 	.db #0xff	; 255
      000052 06                     129 	.db #0x06	; 6
      000053 FF                     130 	.db #0xff	; 255
      000054 06                     131 	.db #0x06	; 6
      000055 FF                     132 	.db #0xff	; 255
      000056 06                     133 	.db #0x06	; 6
      000057 FF                     134 	.db #0xff	; 255
      000058 0C                     135 	.db #0x0c	; 12
      000059 FF                     136 	.db #0xff	; 255
      00005A 0C                     137 	.db #0x0c	; 12
      00005B FF                     138 	.db #0xff	; 255
      00005C 0C                     139 	.db #0x0c	; 12
      00005D FF                     140 	.db #0xff	; 255
      00005E 0C                     141 	.db #0x0c	; 12
      00005F FF                     142 	.db #0xff	; 255
      000060 3F                     143 	.db #0x3f	; 63
      000061 C1                     144 	.db #0xc1	; 193
      000062 3F                     145 	.db #0x3f	; 63
      000063 C1                     146 	.db #0xc1	; 193
      000064 3F                     147 	.db #0x3f	; 63
      000065 C1                     148 	.db #0xc1	; 193
      000066 3F                     149 	.db #0x3f	; 63
      000067 C1                     150 	.db #0xc1	; 193
      000068 3F                     151 	.db #0x3f	; 63
      000069 C3                     152 	.db #0xc3	; 195
      00006A 3F                     153 	.db #0x3f	; 63
      00006B C3                     154 	.db #0xc3	; 195
      00006C 3F                     155 	.db #0x3f	; 63
      00006D C3                     156 	.db #0xc3	; 195
      00006E 3F                     157 	.db #0x3f	; 63
      00006F C3                     158 	.db #0xc3	; 195
      000070 FE                     159 	.db #0xfe	; 254
      000071 C0                     160 	.db #0xc0	; 192
      000072 FE                     161 	.db #0xfe	; 254
      000073 C0                     162 	.db #0xc0	; 192
      000074 FE                     163 	.db #0xfe	; 254
      000075 C0                     164 	.db #0xc0	; 192
      000076 FE                     165 	.db #0xfe	; 254
      000077 C0                     166 	.db #0xc0	; 192
      000078 FE                     167 	.db #0xfe	; 254
      000079 80                     168 	.db #0x80	; 128
      00007A FE                     169 	.db #0xfe	; 254
      00007B 80                     170 	.db #0x80	; 128
      00007C FE                     171 	.db #0xfe	; 254
      00007D 80                     172 	.db #0x80	; 128
      00007E FE                     173 	.db #0xfe	; 254
      00007F 80                     174 	.db #0x80	; 128
      000080 38                     175 	.db #0x38	; 56	'8'
      000081 38                     176 	.db #0x38	; 56	'8'
      000082 38                     177 	.db #0x38	; 56	'8'
      000083 38                     178 	.db #0x38	; 56	'8'
      000084 38                     179 	.db #0x38	; 56	'8'
      000085 38                     180 	.db #0x38	; 56	'8'
      000086 38                     181 	.db #0x38	; 56	'8'
      000087 38                     182 	.db #0x38	; 56	'8'
      000088 70                     183 	.db #0x70	; 112	'p'
      000089 70                     184 	.db #0x70	; 112	'p'
      00008A 70                     185 	.db #0x70	; 112	'p'
      00008B 70                     186 	.db #0x70	; 112	'p'
      00008C 70                     187 	.db #0x70	; 112	'p'
      00008D 70                     188 	.db #0x70	; 112	'p'
      00008E 70                     189 	.db #0x70	; 112	'p'
      00008F 70                     190 	.db #0x70	; 112	'p'
      000090 01                     191 	.db #0x01	; 1
      000091 01                     192 	.db #0x01	; 1
      000092 01                     193 	.db #0x01	; 1
      000093 01                     194 	.db #0x01	; 1
      000094 01                     195 	.db #0x01	; 1
      000095 01                     196 	.db #0x01	; 1
      000096 01                     197 	.db #0x01	; 1
      000097 01                     198 	.db #0x01	; 1
      000098 07                     199 	.db #0x07	; 7
      000099 07                     200 	.db #0x07	; 7
      00009A 07                     201 	.db #0x07	; 7
      00009B 07                     202 	.db #0x07	; 7
      00009C 07                     203 	.db #0x07	; 7
      00009D 07                     204 	.db #0x07	; 7
      00009E 07                     205 	.db #0x07	; 7
      00009F 07                     206 	.db #0x07	; 7
      0000A0 C0                     207 	.db #0xc0	; 192
      0000A1 C0                     208 	.db #0xc0	; 192
      0000A2 C0                     209 	.db #0xc0	; 192
      0000A3 C0                     210 	.db #0xc0	; 192
      0000A4 C0                     211 	.db #0xc0	; 192
      0000A5 C0                     212 	.db #0xc0	; 192
      0000A6 C0                     213 	.db #0xc0	; 192
      0000A7 C0                     214 	.db #0xc0	; 192
      0000A8 80                     215 	.db #0x80	; 128
      0000A9 80                     216 	.db #0x80	; 128
      0000AA 80                     217 	.db #0x80	; 128
      0000AB 80                     218 	.db #0x80	; 128
      0000AC 80                     219 	.db #0x80	; 128
      0000AD 80                     220 	.db #0x80	; 128
      0000AE 80                     221 	.db #0x80	; 128
      0000AF 80                     222 	.db #0x80	; 128
      0000B0 1C                     223 	.db #0x1c	; 28
      0000B1 1C                     224 	.db #0x1c	; 28
      0000B2 1C                     225 	.db #0x1c	; 28
      0000B3 1C                     226 	.db #0x1c	; 28
      0000B4 1C                     227 	.db #0x1c	; 28
      0000B5 1C                     228 	.db #0x1c	; 28
      0000B6 1C                     229 	.db #0x1c	; 28
      0000B7 1C                     230 	.db #0x1c	; 28
      0000B8 38                     231 	.db #0x38	; 56	'8'
      0000B9 38                     232 	.db #0x38	; 56	'8'
      0000BA 38                     233 	.db #0x38	; 56	'8'
      0000BB 38                     234 	.db #0x38	; 56	'8'
      0000BC 38                     235 	.db #0x38	; 56	'8'
      0000BD 38                     236 	.db #0x38	; 56	'8'
      0000BE 38                     237 	.db #0x38	; 56	'8'
      0000BF 38                     238 	.db #0x38	; 56	'8'
      0000C0 00                     239 	.db #0x00	; 0
      0000C1 00                     240 	.db #0x00	; 0
      0000C2 00                     241 	.db #0x00	; 0
      0000C3 00                     242 	.db #0x00	; 0
      0000C4 00                     243 	.db #0x00	; 0
      0000C5 00                     244 	.db #0x00	; 0
      0000C6 00                     245 	.db #0x00	; 0
      0000C7 00                     246 	.db #0x00	; 0
      0000C8 01                     247 	.db #0x01	; 1
      0000C9 01                     248 	.db #0x01	; 1
      0000CA 01                     249 	.db #0x01	; 1
      0000CB 01                     250 	.db #0x01	; 1
      0000CC 01                     251 	.db #0x01	; 1
      0000CD 01                     252 	.db #0x01	; 1
      0000CE 01                     253 	.db #0x01	; 1
      0000CF 01                     254 	.db #0x01	; 1
      0000D0 E0                     255 	.db #0xe0	; 224
      0000D1 E0                     256 	.db #0xe0	; 224
      0000D2 E0                     257 	.db #0xe0	; 224
      0000D3 E0                     258 	.db #0xe0	; 224
      0000D4 E0                     259 	.db #0xe0	; 224
      0000D5 E0                     260 	.db #0xe0	; 224
      0000D6 E0                     261 	.db #0xe0	; 224
      0000D7 E0                     262 	.db #0xe0	; 224
      0000D8 C0                     263 	.db #0xc0	; 192
      0000D9 C0                     264 	.db #0xc0	; 192
      0000DA C0                     265 	.db #0xc0	; 192
      0000DB C0                     266 	.db #0xc0	; 192
      0000DC C0                     267 	.db #0xc0	; 192
      0000DD C0                     268 	.db #0xc0	; 192
      0000DE C0                     269 	.db #0xc0	; 192
      0000DF C0                     270 	.db #0xc0	; 192
      0000E0 FF                     271 	.db #0xff	; 255
      0000E1 03                     272 	.db #0x03	; 3
      0000E2 FF                     273 	.db #0xff	; 255
      0000E3 03                     274 	.db #0x03	; 3
      0000E4 FF                     275 	.db #0xff	; 255
      0000E5 03                     276 	.db #0x03	; 3
      0000E6 FF                     277 	.db #0xff	; 255
      0000E7 03                     278 	.db #0x03	; 3
      0000E8 FF                     279 	.db #0xff	; 255
      0000E9 07                     280 	.db #0x07	; 7
      0000EA FF                     281 	.db #0xff	; 255
      0000EB 07                     282 	.db #0x07	; 7
      0000EC FF                     283 	.db #0xff	; 255
      0000ED 07                     284 	.db #0x07	; 7
      0000EE FF                     285 	.db #0xff	; 255
      0000EF 07                     286 	.db #0x07	; 7
      0000F0 80                     287 	.db #0x80	; 128
      0000F1 FF                     288 	.db #0xff	; 255
      0000F2 80                     289 	.db #0x80	; 128
      0000F3 FF                     290 	.db #0xff	; 255
      0000F4 80                     291 	.db #0x80	; 128
      0000F5 FF                     292 	.db #0xff	; 255
      0000F6 80                     293 	.db #0x80	; 128
      0000F7 FF                     294 	.db #0xff	; 255
      0000F8 81                     295 	.db #0x81	; 129
      0000F9 7F                     296 	.db #0x7f	; 127
      0000FA 81                     297 	.db #0x81	; 129
      0000FB 7F                     298 	.db #0x7f	; 127
      0000FC 81                     299 	.db #0x81	; 129
      0000FD 7F                     300 	.db #0x7f	; 127
      0000FE 81                     301 	.db #0x81	; 129
      0000FF 7F                     302 	.db #0x7f	; 127
      000100 C7                     303 	.db #0xc7	; 199
      000101 C1                     304 	.db #0xc1	; 193
      000102 C7                     305 	.db #0xc7	; 199
      000103 C1                     306 	.db #0xc1	; 193
      000104 C7                     307 	.db #0xc7	; 199
      000105 C1                     308 	.db #0xc1	; 193
      000106 C7                     309 	.db #0xc7	; 199
      000107 C1                     310 	.db #0xc1	; 193
      000108 87                     311 	.db #0x87	; 135
      000109 81                     312 	.db #0x81	; 129
      00010A 87                     313 	.db #0x87	; 135
      00010B 81                     314 	.db #0x81	; 129
      00010C 87                     315 	.db #0x87	; 135
      00010D 81                     316 	.db #0x81	; 129
      00010E 87                     317 	.db #0x87	; 135
      00010F 81                     318 	.db #0x81	; 129
      000110 B0                     319 	.db #0xb0	; 176
      000111 8F                     320 	.db #0x8f	; 143
      000112 B0                     321 	.db #0xb0	; 176
      000113 8F                     322 	.db #0x8f	; 143
      000114 B0                     323 	.db #0xb0	; 176
      000115 8F                     324 	.db #0x8f	; 143
      000116 B0                     325 	.db #0xb0	; 176
      000117 8F                     326 	.db #0x8f	; 143
      000118 39                     327 	.db #0x39	; 57	'9'
      000119 0F                     328 	.db #0x0f	; 15
      00011A 39                     329 	.db #0x39	; 57	'9'
      00011B 0F                     330 	.db #0x0f	; 15
      00011C 39                     331 	.db #0x39	; 57	'9'
      00011D 0F                     332 	.db #0x0f	; 15
      00011E 39                     333 	.db #0x39	; 57	'9'
      00011F 0F                     334 	.db #0x0f	; 15
      000120 7F                     335 	.db #0x7f	; 127
      000121 C4                     336 	.db #0xc4	; 196
      000122 7F                     337 	.db #0x7f	; 127
      000123 C4                     338 	.db #0xc4	; 196
      000124 7F                     339 	.db #0x7f	; 127
      000125 C4                     340 	.db #0xc4	; 196
      000126 7F                     341 	.db #0x7f	; 127
      000127 C4                     342 	.db #0xc4	; 196
      000128 7F                     343 	.db #0x7f	; 127
      000129 C4                     344 	.db #0xc4	; 196
      00012A 7F                     345 	.db #0x7f	; 127
      00012B C4                     346 	.db #0xc4	; 196
      00012C 7F                     347 	.db #0x7f	; 127
      00012D C4                     348 	.db #0xc4	; 196
      00012E 7F                     349 	.db #0x7f	; 127
      00012F C4                     350 	.db #0xc4	; 196
      000130 18                     351 	.db #0x18	; 24
      000131 18                     352 	.db #0x18	; 24
      000132 18                     353 	.db #0x18	; 24
      000133 18                     354 	.db #0x18	; 24
      000134 18                     355 	.db #0x18	; 24
      000135 18                     356 	.db #0x18	; 24
      000136 18                     357 	.db #0x18	; 24
      000137 18                     358 	.db #0x18	; 24
      000138 30                     359 	.db #0x30	; 48	'0'
      000139 30                     360 	.db #0x30	; 48	'0'
      00013A 30                     361 	.db #0x30	; 48	'0'
      00013B 30                     362 	.db #0x30	; 48	'0'
      00013C 30                     363 	.db #0x30	; 48	'0'
      00013D 30                     364 	.db #0x30	; 48	'0'
      00013E 30                     365 	.db #0x30	; 48	'0'
      00013F 30                     366 	.db #0x30	; 48	'0'
      000140 1C                     367 	.db #0x1c	; 28
      000141 FF                     368 	.db #0xff	; 255
      000142 1C                     369 	.db #0x1c	; 28
      000143 FF                     370 	.db #0xff	; 255
      000144 1C                     371 	.db #0x1c	; 28
      000145 FF                     372 	.db #0xff	; 255
      000146 1C                     373 	.db #0x1c	; 28
      000147 FF                     374 	.db #0xff	; 255
      000148 38                     375 	.db #0x38	; 56	'8'
      000149 FF                     376 	.db #0xff	; 255
      00014A 38                     377 	.db #0x38	; 56	'8'
      00014B FF                     378 	.db #0xff	; 255
      00014C 38                     379 	.db #0x38	; 56	'8'
      00014D FF                     380 	.db #0xff	; 255
      00014E 38                     381 	.db #0x38	; 56	'8'
      00014F FF                     382 	.db #0xff	; 255
      000150 3F                     383 	.db #0x3f	; 63
      000151 C7                     384 	.db #0xc7	; 199
      000152 3F                     385 	.db #0x3f	; 63
      000153 C7                     386 	.db #0xc7	; 199
      000154 3F                     387 	.db #0x3f	; 63
      000155 C7                     388 	.db #0xc7	; 199
      000156 3F                     389 	.db #0x3f	; 63
      000157 C7                     390 	.db #0xc7	; 199
      000158 3F                     391 	.db #0x3f	; 63
      000159 CE                     392 	.db #0xce	; 206
      00015A 3F                     393 	.db #0x3f	; 63
      00015B CE                     394 	.db #0xce	; 206
      00015C 3F                     395 	.db #0x3f	; 63
      00015D CE                     396 	.db #0xce	; 206
      00015E 3F                     397 	.db #0x3f	; 63
      00015F CE                     398 	.db #0xce	; 206
      000160 FE                     399 	.db #0xfe	; 254
      000161 00                     400 	.db #0x00	; 0
      000162 FE                     401 	.db #0xfe	; 254
      000163 00                     402 	.db #0x00	; 0
      000164 FE                     403 	.db #0xfe	; 254
      000165 00                     404 	.db #0x00	; 0
      000166 FE                     405 	.db #0xfe	; 254
      000167 00                     406 	.db #0x00	; 0
      000168 FF                     407 	.db #0xff	; 255
      000169 01                     408 	.db #0x01	; 1
      00016A FF                     409 	.db #0xff	; 255
      00016B 01                     410 	.db #0x01	; 1
      00016C FF                     411 	.db #0xff	; 255
      00016D 01                     412 	.db #0x01	; 1
      00016E FF                     413 	.db #0xff	; 255
      00016F 01                     414 	.db #0x01	; 1
      000170 E0                     415 	.db #0xe0	; 224
      000171 E0                     416 	.db #0xe0	; 224
      000172 E0                     417 	.db #0xe0	; 224
      000173 E0                     418 	.db #0xe0	; 224
      000174 E0                     419 	.db #0xe0	; 224
      000175 E0                     420 	.db #0xe0	; 224
      000176 E0                     421 	.db #0xe0	; 224
      000177 E0                     422 	.db #0xe0	; 224
      000178 C0                     423 	.db #0xc0	; 192
      000179 C0                     424 	.db #0xc0	; 192
      00017A C0                     425 	.db #0xc0	; 192
      00017B C0                     426 	.db #0xc0	; 192
      00017C C0                     427 	.db #0xc0	; 192
      00017D C0                     428 	.db #0xc0	; 192
      00017E C0                     429 	.db #0xc0	; 192
      00017F C0                     430 	.db #0xc0	; 192
      000180 0E                     431 	.db #0x0e	; 14
      000181 0E                     432 	.db #0x0e	; 14
      000182 0E                     433 	.db #0x0e	; 14
      000183 0E                     434 	.db #0x0e	; 14
      000184 0E                     435 	.db #0x0e	; 14
      000185 0E                     436 	.db #0x0e	; 14
      000186 0E                     437 	.db #0x0e	; 14
      000187 0E                     438 	.db #0x0e	; 14
      000188 1C                     439 	.db #0x1c	; 28
      000189 1C                     440 	.db #0x1c	; 28
      00018A 1C                     441 	.db #0x1c	; 28
      00018B 1C                     442 	.db #0x1c	; 28
      00018C 1C                     443 	.db #0x1c	; 28
      00018D 1C                     444 	.db #0x1c	; 28
      00018E 1C                     445 	.db #0x1c	; 28
      00018F 1C                     446 	.db #0x1c	; 28
      000190 00                     447 	.db #0x00	; 0
      000191 00                     448 	.db #0x00	; 0
      000192 00                     449 	.db #0x00	; 0
      000193 00                     450 	.db #0x00	; 0
      000194 00                     451 	.db #0x00	; 0
      000195 00                     452 	.db #0x00	; 0
      000196 00                     453 	.db #0x00	; 0
      000197 00                     454 	.db #0x00	; 0
      000198 00                     455 	.db #0x00	; 0
      000199 00                     456 	.db #0x00	; 0
      00019A 00                     457 	.db #0x00	; 0
      00019B 00                     458 	.db #0x00	; 0
      00019C 00                     459 	.db #0x00	; 0
      00019D 00                     460 	.db #0x00	; 0
      00019E 00                     461 	.db #0x00	; 0
      00019F 00                     462 	.db #0x00	; 0
      0001A0 70                     463 	.db #0x70	; 112	'p'
      0001A1 70                     464 	.db #0x70	; 112	'p'
      0001A2 70                     465 	.db #0x70	; 112	'p'
      0001A3 70                     466 	.db #0x70	; 112	'p'
      0001A4 70                     467 	.db #0x70	; 112	'p'
      0001A5 70                     468 	.db #0x70	; 112	'p'
      0001A6 70                     469 	.db #0x70	; 112	'p'
      0001A7 70                     470 	.db #0x70	; 112	'p'
      0001A8 E0                     471 	.db #0xe0	; 224
      0001A9 E0                     472 	.db #0xe0	; 224
      0001AA E0                     473 	.db #0xe0	; 224
      0001AB E0                     474 	.db #0xe0	; 224
      0001AC E0                     475 	.db #0xe0	; 224
      0001AD E0                     476 	.db #0xe0	; 224
      0001AE E0                     477 	.db #0xe0	; 224
      0001AF E0                     478 	.db #0xe0	; 224
      0001B0 07                     479 	.db #0x07	; 7
      0001B1 07                     480 	.db #0x07	; 7
      0001B2 07                     481 	.db #0x07	; 7
      0001B3 07                     482 	.db #0x07	; 7
      0001B4 07                     483 	.db #0x07	; 7
      0001B5 07                     484 	.db #0x07	; 7
      0001B6 07                     485 	.db #0x07	; 7
      0001B7 07                     486 	.db #0x07	; 7
      0001B8 0E                     487 	.db #0x0e	; 14
      0001B9 0E                     488 	.db #0x0e	; 14
      0001BA 0E                     489 	.db #0x0e	; 14
      0001BB 0E                     490 	.db #0x0e	; 14
      0001BC 0E                     491 	.db #0x0e	; 14
      0001BD 0E                     492 	.db #0x0e	; 14
      0001BE 0E                     493 	.db #0x0e	; 14
      0001BF 0E                     494 	.db #0x0e	; 14
      0001C0 70                     495 	.db #0x70	; 112	'p'
      0001C1 70                     496 	.db #0x70	; 112	'p'
      0001C2 70                     497 	.db #0x70	; 112	'p'
      0001C3 70                     498 	.db #0x70	; 112	'p'
      0001C4 70                     499 	.db #0x70	; 112	'p'
      0001C5 70                     500 	.db #0x70	; 112	'p'
      0001C6 70                     501 	.db #0x70	; 112	'p'
      0001C7 70                     502 	.db #0x70	; 112	'p'
      0001C8 E0                     503 	.db #0xe0	; 224
      0001C9 E0                     504 	.db #0xe0	; 224
      0001CA E0                     505 	.db #0xe0	; 224
      0001CB E0                     506 	.db #0xe0	; 224
      0001CC E0                     507 	.db #0xe0	; 224
      0001CD E0                     508 	.db #0xe0	; 224
      0001CE E0                     509 	.db #0xe0	; 224
      0001CF E0                     510 	.db #0xe0	; 224
      0001D0 FF                     511 	.db #0xff	; 255
      0001D1 0E                     512 	.db #0x0e	; 14
      0001D2 FF                     513 	.db #0xff	; 255
      0001D3 0E                     514 	.db #0x0e	; 14
      0001D4 FF                     515 	.db #0xff	; 255
      0001D5 0E                     516 	.db #0x0e	; 14
      0001D6 FF                     517 	.db #0xff	; 255
      0001D7 0E                     518 	.db #0x0e	; 14
      0001D8 FF                     519 	.db #0xff	; 255
      0001D9 0C                     520 	.db #0x0c	; 12
      0001DA FF                     521 	.db #0xff	; 255
      0001DB 0C                     522 	.db #0x0c	; 12
      0001DC FF                     523 	.db #0xff	; 255
      0001DD 0C                     524 	.db #0x0c	; 12
      0001DE FF                     525 	.db #0xff	; 255
      0001DF 0C                     526 	.db #0x0c	; 12
      0001E0 83                     527 	.db #0x83	; 131
      0001E1 7F                     528 	.db #0x7f	; 127
      0001E2 83                     529 	.db #0x83	; 131
      0001E3 7F                     530 	.db #0x7f	; 127
      0001E4 83                     531 	.db #0x83	; 131
      0001E5 7F                     532 	.db #0x7f	; 127
      0001E6 83                     533 	.db #0x83	; 131
      0001E7 7F                     534 	.db #0x7f	; 127
      0001E8 86                     535 	.db #0x86	; 134
      0001E9 7F                     536 	.db #0x7f	; 127
      0001EA 86                     537 	.db #0x86	; 134
      0001EB 7F                     538 	.db #0x7f	; 127
      0001EC 86                     539 	.db #0x86	; 134
      0001ED 7F                     540 	.db #0x7f	; 127
      0001EE 86                     541 	.db #0x86	; 134
      0001EF 7F                     542 	.db #0x7f	; 127
      0001F0 07                     543 	.db #0x07	; 7
      0001F1 03                     544 	.db #0x03	; 3
      0001F2 07                     545 	.db #0x07	; 7
      0001F3 03                     546 	.db #0x03	; 3
      0001F4 07                     547 	.db #0x07	; 7
      0001F5 03                     548 	.db #0x03	; 3
      0001F6 07                     549 	.db #0x07	; 7
      0001F7 03                     550 	.db #0x03	; 3
      0001F8 07                     551 	.db #0x07	; 7
      0001F9 06                     552 	.db #0x06	; 6
      0001FA 07                     553 	.db #0x07	; 7
      0001FB 06                     554 	.db #0x06	; 6
      0001FC 07                     555 	.db #0x07	; 7
      0001FD 06                     556 	.db #0x06	; 6
      0001FE 07                     557 	.db #0x07	; 7
      0001FF 06                     558 	.db #0x06	; 6
      000200 39                     559 	.db #0x39	; 57	'9'
      000201 0F                     560 	.db #0x0f	; 15
      000202 39                     561 	.db #0x39	; 57	'9'
      000203 0F                     562 	.db #0x0f	; 15
      000204 39                     563 	.db #0x39	; 57	'9'
      000205 0F                     564 	.db #0x0f	; 15
      000206 39                     565 	.db #0x39	; 57	'9'
      000207 0F                     566 	.db #0x0f	; 15
      000208 30                     567 	.db #0x30	; 48	'0'
      000209 1F                     568 	.db #0x1f	; 31
      00020A 30                     569 	.db #0x30	; 48	'0'
      00020B 1F                     570 	.db #0x1f	; 31
      00020C 30                     571 	.db #0x30	; 48	'0'
      00020D 1F                     572 	.db #0x1f	; 31
      00020E 30                     573 	.db #0x30	; 48	'0'
      00020F 1F                     574 	.db #0x1f	; 31
      000210 3F                     575 	.db #0x3f	; 63
      000211 C8                     576 	.db #0xc8	; 200
      000212 3F                     577 	.db #0x3f	; 63
      000213 C8                     578 	.db #0xc8	; 200
      000214 3F                     579 	.db #0x3f	; 63
      000215 C8                     580 	.db #0xc8	; 200
      000216 3F                     581 	.db #0x3f	; 63
      000217 C8                     582 	.db #0xc8	; 200
      000218 3F                     583 	.db #0x3f	; 63
      000219 C8                     584 	.db #0xc8	; 200
      00021A 3F                     585 	.db #0x3f	; 63
      00021B C8                     586 	.db #0xc8	; 200
      00021C 3F                     587 	.db #0x3f	; 63
      00021D C8                     588 	.db #0xc8	; 200
      00021E 3F                     589 	.db #0x3f	; 63
      00021F C8                     590 	.db #0xc8	; 200
      000220 30                     591 	.db #0x30	; 48	'0'
      000221 30                     592 	.db #0x30	; 48	'0'
      000222 30                     593 	.db #0x30	; 48	'0'
      000223 30                     594 	.db #0x30	; 48	'0'
      000224 30                     595 	.db #0x30	; 48	'0'
      000225 30                     596 	.db #0x30	; 48	'0'
      000226 30                     597 	.db #0x30	; 48	'0'
      000227 30                     598 	.db #0x30	; 48	'0'
      000228 60                     599 	.db #0x60	; 96
      000229 60                     600 	.db #0x60	; 96
      00022A 60                     601 	.db #0x60	; 96
      00022B 60                     602 	.db #0x60	; 96
      00022C 60                     603 	.db #0x60	; 96
      00022D 60                     604 	.db #0x60	; 96
      00022E 60                     605 	.db #0x60	; 96
      00022F 60                     606 	.db #0x60	; 96
      000230 30                     607 	.db #0x30	; 48	'0'
      000231 FF                     608 	.db #0xff	; 255
      000232 30                     609 	.db #0x30	; 48	'0'
      000233 FF                     610 	.db #0xff	; 255
      000234 30                     611 	.db #0x30	; 48	'0'
      000235 FF                     612 	.db #0xff	; 255
      000236 30                     613 	.db #0x30	; 48	'0'
      000237 FF                     614 	.db #0xff	; 255
      000238 60                     615 	.db #0x60	; 96
      000239 FF                     616 	.db #0xff	; 255
      00023A 60                     617 	.db #0x60	; 96
      00023B FF                     618 	.db #0xff	; 255
      00023C 60                     619 	.db #0x60	; 96
      00023D FF                     620 	.db #0xff	; 255
      00023E 60                     621 	.db #0x60	; 96
      00023F FF                     622 	.db #0xff	; 255
      000240 3F                     623 	.db #0x3f	; 63
      000241 DC                     624 	.db #0xdc	; 220
      000242 3F                     625 	.db #0x3f	; 63
      000243 DC                     626 	.db #0xdc	; 220
      000244 3F                     627 	.db #0x3f	; 63
      000245 DC                     628 	.db #0xdc	; 220
      000246 3F                     629 	.db #0x3f	; 63
      000247 DC                     630 	.db #0xdc	; 220
      000248 3F                     631 	.db #0x3f	; 63
      000249 F8                     632 	.db #0xf8	; 248
      00024A 3F                     633 	.db #0x3f	; 63
      00024B F8                     634 	.db #0xf8	; 248
      00024C 3F                     635 	.db #0x3f	; 63
      00024D F8                     636 	.db #0xf8	; 248
      00024E 3F                     637 	.db #0x3f	; 63
      00024F F8                     638 	.db #0xf8	; 248
      000250 FF                     639 	.db #0xff	; 255
      000251 03                     640 	.db #0x03	; 3
      000252 FF                     641 	.db #0xff	; 255
      000253 03                     642 	.db #0x03	; 3
      000254 FF                     643 	.db #0xff	; 255
      000255 03                     644 	.db #0x03	; 3
      000256 FF                     645 	.db #0xff	; 255
      000257 03                     646 	.db #0x03	; 3
      000258 FF                     647 	.db #0xff	; 255
      000259 07                     648 	.db #0x07	; 7
      00025A FF                     649 	.db #0xff	; 255
      00025B 07                     650 	.db #0x07	; 7
      00025C FF                     651 	.db #0xff	; 255
      00025D 07                     652 	.db #0x07	; 7
      00025E FF                     653 	.db #0xff	; 255
      00025F 07                     654 	.db #0x07	; 7
      000260 80                     655 	.db #0x80	; 128
      000261 80                     656 	.db #0x80	; 128
      000262 80                     657 	.db #0x80	; 128
      000263 80                     658 	.db #0x80	; 128
      000264 80                     659 	.db #0x80	; 128
      000265 80                     660 	.db #0x80	; 128
      000266 80                     661 	.db #0x80	; 128
      000267 80                     662 	.db #0x80	; 128
      000268 00                     663 	.db #0x00	; 0
      000269 00                     664 	.db #0x00	; 0
      00026A 00                     665 	.db #0x00	; 0
      00026B 00                     666 	.db #0x00	; 0
      00026C 00                     667 	.db #0x00	; 0
      00026D 00                     668 	.db #0x00	; 0
      00026E 00                     669 	.db #0x00	; 0
      00026F 00                     670 	.db #0x00	; 0
      000270 01                     671 	.db #0x01	; 1
      000271 01                     672 	.db #0x01	; 1
      000272 01                     673 	.db #0x01	; 1
      000273 01                     674 	.db #0x01	; 1
      000274 01                     675 	.db #0x01	; 1
      000275 01                     676 	.db #0x01	; 1
      000276 01                     677 	.db #0x01	; 1
      000277 01                     678 	.db #0x01	; 1
      000278 03                     679 	.db #0x03	; 3
      000279 03                     680 	.db #0x03	; 3
      00027A 03                     681 	.db #0x03	; 3
      00027B 03                     682 	.db #0x03	; 3
      00027C 03                     683 	.db #0x03	; 3
      00027D 03                     684 	.db #0x03	; 3
      00027E 03                     685 	.db #0x03	; 3
      00027F 03                     686 	.db #0x03	; 3
      000280 C0                     687 	.db #0xc0	; 192
      000281 C0                     688 	.db #0xc0	; 192
      000282 C0                     689 	.db #0xc0	; 192
      000283 C0                     690 	.db #0xc0	; 192
      000284 C0                     691 	.db #0xc0	; 192
      000285 C0                     692 	.db #0xc0	; 192
      000286 C0                     693 	.db #0xc0	; 192
      000287 C0                     694 	.db #0xc0	; 192
      000288 80                     695 	.db #0x80	; 128
      000289 80                     696 	.db #0x80	; 128
      00028A 80                     697 	.db #0x80	; 128
      00028B 80                     698 	.db #0x80	; 128
      00028C 80                     699 	.db #0x80	; 128
      00028D 80                     700 	.db #0x80	; 128
      00028E 80                     701 	.db #0x80	; 128
      00028F 80                     702 	.db #0x80	; 128
      000290 01                     703 	.db #0x01	; 1
      000291 01                     704 	.db #0x01	; 1
      000292 01                     705 	.db #0x01	; 1
      000293 01                     706 	.db #0x01	; 1
      000294 01                     707 	.db #0x01	; 1
      000295 01                     708 	.db #0x01	; 1
      000296 01                     709 	.db #0x01	; 1
      000297 01                     710 	.db #0x01	; 1
      000298 03                     711 	.db #0x03	; 3
      000299 03                     712 	.db #0x03	; 3
      00029A 03                     713 	.db #0x03	; 3
      00029B 03                     714 	.db #0x03	; 3
      00029C 03                     715 	.db #0x03	; 3
      00029D 03                     716 	.db #0x03	; 3
      00029E 03                     717 	.db #0x03	; 3
      00029F 03                     718 	.db #0x03	; 3
      0002A0 C0                     719 	.db #0xc0	; 192
      0002A1 C0                     720 	.db #0xc0	; 192
      0002A2 C0                     721 	.db #0xc0	; 192
      0002A3 C0                     722 	.db #0xc0	; 192
      0002A4 C0                     723 	.db #0xc0	; 192
      0002A5 C0                     724 	.db #0xc0	; 192
      0002A6 C0                     725 	.db #0xc0	; 192
      0002A7 C0                     726 	.db #0xc0	; 192
      0002A8 80                     727 	.db #0x80	; 128
      0002A9 80                     728 	.db #0x80	; 128
      0002AA 80                     729 	.db #0x80	; 128
      0002AB 80                     730 	.db #0x80	; 128
      0002AC 80                     731 	.db #0x80	; 128
      0002AD 80                     732 	.db #0x80	; 128
      0002AE 80                     733 	.db #0x80	; 128
      0002AF 80                     734 	.db #0x80	; 128
      0002B0 FF                     735 	.db #0xff	; 255
      0002B1 18                     736 	.db #0x18	; 24
      0002B2 FF                     737 	.db #0xff	; 255
      0002B3 18                     738 	.db #0x18	; 24
      0002B4 FF                     739 	.db #0xff	; 255
      0002B5 18                     740 	.db #0x18	; 24
      0002B6 FF                     741 	.db #0xff	; 255
      0002B7 18                     742 	.db #0x18	; 24
      0002B8 FF                     743 	.db #0xff	; 255
      0002B9 30                     744 	.db #0x30	; 48	'0'
      0002BA FF                     745 	.db #0xff	; 255
      0002BB 30                     746 	.db #0x30	; 48	'0'
      0002BC FF                     747 	.db #0xff	; 255
      0002BD 30                     748 	.db #0x30	; 48	'0'
      0002BE FF                     749 	.db #0xff	; 255
      0002BF 30                     750 	.db #0x30	; 48	'0'
      0002C0 8E                     751 	.db #0x8e	; 142
      0002C1 7F                     752 	.db #0x7f	; 127
      0002C2 8E                     753 	.db #0x8e	; 142
      0002C3 7F                     754 	.db #0x7f	; 127
      0002C4 8E                     755 	.db #0x8e	; 142
      0002C5 7F                     756 	.db #0x7f	; 127
      0002C6 8E                     757 	.db #0x8e	; 142
      0002C7 7F                     758 	.db #0x7f	; 127
      0002C8 8C                     759 	.db #0x8c	; 140
      0002C9 7F                     760 	.db #0x7f	; 127
      0002CA 8C                     761 	.db #0x8c	; 140
      0002CB 7F                     762 	.db #0x7f	; 127
      0002CC 8C                     763 	.db #0x8c	; 140
      0002CD 7F                     764 	.db #0x7f	; 127
      0002CE 8C                     765 	.db #0x8c	; 140
      0002CF 7F                     766 	.db #0x7f	; 127
      0002D0 07                     767 	.db #0x07	; 7
      0002D1 04                     768 	.db #0x04	; 4
      0002D2 07                     769 	.db #0x07	; 7
      0002D3 04                     770 	.db #0x04	; 4
      0002D4 07                     771 	.db #0x07	; 7
      0002D5 04                     772 	.db #0x04	; 4
      0002D6 07                     773 	.db #0x07	; 7
      0002D7 04                     774 	.db #0x04	; 4
      0002D8 0F                     775 	.db #0x0f	; 15
      0002D9 0C                     776 	.db #0x0c	; 12
      0002DA 0F                     777 	.db #0x0f	; 15
      0002DB 0C                     778 	.db #0x0c	; 12
      0002DC 0F                     779 	.db #0x0f	; 15
      0002DD 0C                     780 	.db #0x0c	; 12
      0002DE 0F                     781 	.db #0x0f	; 15
      0002DF 0C                     782 	.db #0x0c	; 12
      0002E0 30                     783 	.db #0x30	; 48	'0'
      0002E1 1F                     784 	.db #0x1f	; 31
      0002E2 30                     785 	.db #0x30	; 48	'0'
      0002E3 1F                     786 	.db #0x1f	; 31
      0002E4 30                     787 	.db #0x30	; 48	'0'
      0002E5 1F                     788 	.db #0x1f	; 31
      0002E6 30                     789 	.db #0x30	; 48	'0'
      0002E7 1F                     790 	.db #0x1f	; 31
      0002E8 30                     791 	.db #0x30	; 48	'0'
      0002E9 3F                     792 	.db #0x3f	; 63
      0002EA 30                     793 	.db #0x30	; 48	'0'
      0002EB 3F                     794 	.db #0x3f	; 63
      0002EC 30                     795 	.db #0x30	; 48	'0'
      0002ED 3F                     796 	.db #0x3f	; 63
      0002EE 30                     797 	.db #0x30	; 48	'0'
      0002EF 3F                     798 	.db #0x3f	; 63
      0002F0 BF                     799 	.db #0xbf	; 191
      0002F1 D8                     800 	.db #0xd8	; 216
      0002F2 BF                     801 	.db #0xbf	; 191
      0002F3 D8                     802 	.db #0xd8	; 216
      0002F4 BF                     803 	.db #0xbf	; 191
      0002F5 D8                     804 	.db #0xd8	; 216
      0002F6 BF                     805 	.db #0xbf	; 191
      0002F7 D8                     806 	.db #0xd8	; 216
      0002F8 BF                     807 	.db #0xbf	; 191
      0002F9 D0                     808 	.db #0xd0	; 208
      0002FA BF                     809 	.db #0xbf	; 191
      0002FB D0                     810 	.db #0xd0	; 208
      0002FC BF                     811 	.db #0xbf	; 191
      0002FD D0                     812 	.db #0xd0	; 208
      0002FE BF                     813 	.db #0xbf	; 191
      0002FF D0                     814 	.db #0xd0	; 208
      000300 40                     815 	.db #0x40	; 64
      000301 40                     816 	.db #0x40	; 64
      000302 40                     817 	.db #0x40	; 64
      000303 40                     818 	.db #0x40	; 64
      000304 40                     819 	.db #0x40	; 64
      000305 40                     820 	.db #0x40	; 64
      000306 40                     821 	.db #0x40	; 64
      000307 40                     822 	.db #0x40	; 64
      000308 C1                     823 	.db #0xc1	; 193
      000309 C1                     824 	.db #0xc1	; 193
      00030A C1                     825 	.db #0xc1	; 193
      00030B C1                     826 	.db #0xc1	; 193
      00030C C1                     827 	.db #0xc1	; 193
      00030D C1                     828 	.db #0xc1	; 193
      00030E C1                     829 	.db #0xc1	; 193
      00030F C1                     830 	.db #0xc1	; 193
      000310 C0                     831 	.db #0xc0	; 192
      000311 FF                     832 	.db #0xff	; 255
      000312 C0                     833 	.db #0xc0	; 192
      000313 FF                     834 	.db #0xff	; 255
      000314 C0                     835 	.db #0xc0	; 192
      000315 FF                     836 	.db #0xff	; 255
      000316 C0                     837 	.db #0xc0	; 192
      000317 FF                     838 	.db #0xff	; 255
      000318 C0                     839 	.db #0xc0	; 192
      000319 FF                     840 	.db #0xff	; 255
      00031A C0                     841 	.db #0xc0	; 192
      00031B FF                     842 	.db #0xff	; 255
      00031C C0                     843 	.db #0xc0	; 192
      00031D FF                     844 	.db #0xff	; 255
      00031E C0                     845 	.db #0xc0	; 192
      00031F FF                     846 	.db #0xff	; 255
      000320 7F                     847 	.db #0x7f	; 127
      000321 F0                     848 	.db #0xf0	; 240
      000322 7F                     849 	.db #0x7f	; 127
      000323 F0                     850 	.db #0xf0	; 240
      000324 7F                     851 	.db #0x7f	; 127
      000325 F0                     852 	.db #0xf0	; 240
      000326 7F                     853 	.db #0x7f	; 127
      000327 F0                     854 	.db #0xf0	; 240
      000328 FF                     855 	.db #0xff	; 255
      000329 E0                     856 	.db #0xe0	; 224
      00032A FF                     857 	.db #0xff	; 255
      00032B E0                     858 	.db #0xe0	; 224
      00032C FF                     859 	.db #0xff	; 255
      00032D E0                     860 	.db #0xe0	; 224
      00032E FF                     861 	.db #0xff	; 255
      00032F E0                     862 	.db #0xe0	; 224
      000330 FE                     863 	.db #0xfe	; 254
      000331 0E                     864 	.db #0x0e	; 14
      000332 FE                     865 	.db #0xfe	; 254
      000333 0E                     866 	.db #0x0e	; 14
      000334 FE                     867 	.db #0xfe	; 254
      000335 0E                     868 	.db #0x0e	; 14
      000336 FE                     869 	.db #0xfe	; 254
      000337 0E                     870 	.db #0x0e	; 14
      000338 FE                     871 	.db #0xfe	; 254
      000339 1C                     872 	.db #0x1c	; 28
      00033A FE                     873 	.db #0xfe	; 254
      00033B 1C                     874 	.db #0x1c	; 28
      00033C FE                     875 	.db #0xfe	; 254
      00033D 1C                     876 	.db #0x1c	; 28
      00033E FE                     877 	.db #0xfe	; 254
      00033F 1C                     878 	.db #0x1c	; 28
      000340 00                     879 	.db #0x00	; 0
      000341 00                     880 	.db #0x00	; 0
      000342 00                     881 	.db #0x00	; 0
      000343 00                     882 	.db #0x00	; 0
      000344 00                     883 	.db #0x00	; 0
      000345 00                     884 	.db #0x00	; 0
      000346 00                     885 	.db #0x00	; 0
      000347 00                     886 	.db #0x00	; 0
      000348 01                     887 	.db #0x01	; 1
      000349 01                     888 	.db #0x01	; 1
      00034A 01                     889 	.db #0x01	; 1
      00034B 01                     890 	.db #0x01	; 1
      00034C 01                     891 	.db #0x01	; 1
      00034D 01                     892 	.db #0x01	; 1
      00034E 01                     893 	.db #0x01	; 1
      00034F 01                     894 	.db #0x01	; 1
      000350 E0                     895 	.db #0xe0	; 224
      000351 E0                     896 	.db #0xe0	; 224
      000352 E0                     897 	.db #0xe0	; 224
      000353 E0                     898 	.db #0xe0	; 224
      000354 E0                     899 	.db #0xe0	; 224
      000355 E0                     900 	.db #0xe0	; 224
      000356 E0                     901 	.db #0xe0	; 224
      000357 E0                     902 	.db #0xe0	; 224
      000358 C0                     903 	.db #0xc0	; 192
      000359 C0                     904 	.db #0xc0	; 192
      00035A C0                     905 	.db #0xc0	; 192
      00035B C0                     906 	.db #0xc0	; 192
      00035C C0                     907 	.db #0xc0	; 192
      00035D C0                     908 	.db #0xc0	; 192
      00035E C0                     909 	.db #0xc0	; 192
      00035F C0                     910 	.db #0xc0	; 192
      000360 0F                     911 	.db #0x0f	; 15
      000361 0F                     912 	.db #0x0f	; 15
      000362 0F                     913 	.db #0x0f	; 15
      000363 0F                     914 	.db #0x0f	; 15
      000364 0F                     915 	.db #0x0f	; 15
      000365 0F                     916 	.db #0x0f	; 15
      000366 0F                     917 	.db #0x0f	; 15
      000367 0F                     918 	.db #0x0f	; 15
      000368 1C                     919 	.db #0x1c	; 28
      000369 1C                     920 	.db #0x1c	; 28
      00036A 1C                     921 	.db #0x1c	; 28
      00036B 1C                     922 	.db #0x1c	; 28
      00036C 1C                     923 	.db #0x1c	; 28
      00036D 1C                     924 	.db #0x1c	; 28
      00036E 1C                     925 	.db #0x1c	; 28
      00036F 1C                     926 	.db #0x1c	; 28
      000370 00                     927 	.db #0x00	; 0
      000371 00                     928 	.db #0x00	; 0
      000372 00                     929 	.db #0x00	; 0
      000373 00                     930 	.db #0x00	; 0
      000374 00                     931 	.db #0x00	; 0
      000375 00                     932 	.db #0x00	; 0
      000376 00                     933 	.db #0x00	; 0
      000377 00                     934 	.db #0x00	; 0
      000378 00                     935 	.db #0x00	; 0
      000379 00                     936 	.db #0x00	; 0
      00037A 00                     937 	.db #0x00	; 0
      00037B 00                     938 	.db #0x00	; 0
      00037C 00                     939 	.db #0x00	; 0
      00037D 00                     940 	.db #0x00	; 0
      00037E 00                     941 	.db #0x00	; 0
      00037F 00                     942 	.db #0x00	; 0
      000380 70                     943 	.db #0x70	; 112	'p'
      000381 70                     944 	.db #0x70	; 112	'p'
      000382 70                     945 	.db #0x70	; 112	'p'
      000383 70                     946 	.db #0x70	; 112	'p'
      000384 70                     947 	.db #0x70	; 112	'p'
      000385 70                     948 	.db #0x70	; 112	'p'
      000386 70                     949 	.db #0x70	; 112	'p'
      000387 70                     950 	.db #0x70	; 112	'p'
      000388 E0                     951 	.db #0xe0	; 224
      000389 E0                     952 	.db #0xe0	; 224
      00038A E0                     953 	.db #0xe0	; 224
      00038B E0                     954 	.db #0xe0	; 224
      00038C E0                     955 	.db #0xe0	; 224
      00038D E0                     956 	.db #0xe0	; 224
      00038E E0                     957 	.db #0xe0	; 224
      00038F E0                     958 	.db #0xe0	; 224
      000390 07                     959 	.db #0x07	; 7
      000391 07                     960 	.db #0x07	; 7
      000392 07                     961 	.db #0x07	; 7
      000393 07                     962 	.db #0x07	; 7
      000394 07                     963 	.db #0x07	; 7
      000395 07                     964 	.db #0x07	; 7
      000396 07                     965 	.db #0x07	; 7
      000397 07                     966 	.db #0x07	; 7
      000398 0E                     967 	.db #0x0e	; 14
      000399 0E                     968 	.db #0x0e	; 14
      00039A 0E                     969 	.db #0x0e	; 14
      00039B 0E                     970 	.db #0x0e	; 14
      00039C 0E                     971 	.db #0x0e	; 14
      00039D 0E                     972 	.db #0x0e	; 14
      00039E 0E                     973 	.db #0x0e	; 14
      00039F 0E                     974 	.db #0x0e	; 14
      0003A0 00                     975 	.db #0x00	; 0
      0003A1 00                     976 	.db #0x00	; 0
      0003A2 00                     977 	.db #0x00	; 0
      0003A3 00                     978 	.db #0x00	; 0
      0003A4 00                     979 	.db #0x00	; 0
      0003A5 00                     980 	.db #0x00	; 0
      0003A6 00                     981 	.db #0x00	; 0
      0003A7 00                     982 	.db #0x00	; 0
      0003A8 00                     983 	.db #0x00	; 0
      0003A9 00                     984 	.db #0x00	; 0
      0003AA 00                     985 	.db #0x00	; 0
      0003AB 00                     986 	.db #0x00	; 0
      0003AC 00                     987 	.db #0x00	; 0
      0003AD 00                     988 	.db #0x00	; 0
      0003AE 00                     989 	.db #0x00	; 0
      0003AF 00                     990 	.db #0x00	; 0
      0003B0 FF                     991 	.db #0xff	; 255
      0003B1 60                     992 	.db #0x60	; 96
      0003B2 FF                     993 	.db #0xff	; 255
      0003B3 60                     994 	.db #0x60	; 96
      0003B4 FF                     995 	.db #0xff	; 255
      0003B5 60                     996 	.db #0x60	; 96
      0003B6 FF                     997 	.db #0xff	; 255
      0003B7 60                     998 	.db #0x60	; 96
      0003B8 FF                     999 	.db #0xff	; 255
      0003B9 C0                    1000 	.db #0xc0	; 192
      0003BA FF                    1001 	.db #0xff	; 255
      0003BB C0                    1002 	.db #0xc0	; 192
      0003BC FF                    1003 	.db #0xff	; 255
      0003BD C0                    1004 	.db #0xc0	; 192
      0003BE FF                    1005 	.db #0xff	; 255
      0003BF C0                    1006 	.db #0xc0	; 192
      0003C0 98                    1007 	.db #0x98	; 152
      0003C1 7F                    1008 	.db #0x7f	; 127
      0003C2 98                    1009 	.db #0x98	; 152
      0003C3 7F                    1010 	.db #0x7f	; 127
      0003C4 98                    1011 	.db #0x98	; 152
      0003C5 7F                    1012 	.db #0x7f	; 127
      0003C6 98                    1013 	.db #0x98	; 152
      0003C7 7F                    1014 	.db #0x7f	; 127
      0003C8 B0                    1015 	.db #0xb0	; 176
      0003C9 7F                    1016 	.db #0x7f	; 127
      0003CA B0                    1017 	.db #0xb0	; 176
      0003CB 7F                    1018 	.db #0x7f	; 127
      0003CC B0                    1019 	.db #0xb0	; 176
      0003CD 7F                    1020 	.db #0x7f	; 127
      0003CE B0                    1021 	.db #0xb0	; 176
      0003CF 7F                    1022 	.db #0x7f	; 127
      0003D0 1F                    1023 	.db #0x1f	; 31
      0003D1 18                    1024 	.db #0x18	; 24
      0003D2 1F                    1025 	.db #0x1f	; 31
      0003D3 18                    1026 	.db #0x18	; 24
      0003D4 1F                    1027 	.db #0x1f	; 31
      0003D5 18                    1028 	.db #0x18	; 24
      0003D6 1F                    1029 	.db #0x1f	; 31
      0003D7 18                    1030 	.db #0x18	; 24
      0003D8 1F                    1031 	.db #0x1f	; 31
      0003D9 18                    1032 	.db #0x18	; 24
      0003DA 1F                    1033 	.db #0x1f	; 31
      0003DB 18                    1034 	.db #0x18	; 24
      0003DC 1F                    1035 	.db #0x1f	; 31
      0003DD 18                    1036 	.db #0x18	; 24
      0003DE 1F                    1037 	.db #0x1f	; 31
      0003DF 18                    1038 	.db #0x18	; 24
      0003E0 32                    1039 	.db #0x32	; 50	'2'
      0003E1 2F                    1040 	.db #0x2f	; 47
      0003E2 32                    1041 	.db #0x32	; 50	'2'
      0003E3 2F                    1042 	.db #0x2f	; 47
      0003E4 32                    1043 	.db #0x32	; 50	'2'
      0003E5 2F                    1044 	.db #0x2f	; 47
      0003E6 32                    1045 	.db #0x32	; 50	'2'
      0003E7 2F                    1046 	.db #0x2f	; 47
      0003E8 72                    1047 	.db #0x72	; 114	'r'
      0003E9 6F                    1048 	.db #0x6f	; 111	'o'
      0003EA 72                    1049 	.db #0x72	; 114	'r'
      0003EB 6F                    1050 	.db #0x6f	; 111	'o'
      0003EC 72                    1051 	.db #0x72	; 114	'r'
      0003ED 6F                    1052 	.db #0x6f	; 111	'o'
      0003EE 72                    1053 	.db #0x72	; 114	'r'
      0003EF 6F                    1054 	.db #0x6f	; 111	'o'
      0003F0 BF                    1055 	.db #0xbf	; 191
      0003F1 D0                    1056 	.db #0xd0	; 208
      0003F2 BF                    1057 	.db #0xbf	; 191
      0003F3 D0                    1058 	.db #0xd0	; 208
      0003F4 BF                    1059 	.db #0xbf	; 191
      0003F5 D0                    1060 	.db #0xd0	; 208
      0003F6 BF                    1061 	.db #0xbf	; 191
      0003F7 D0                    1062 	.db #0xd0	; 208
      0003F8 3F                    1063 	.db #0x3f	; 63
      0003F9 E1                    1064 	.db #0xe1	; 225
      0003FA 3F                    1065 	.db #0x3f	; 63
      0003FB E1                    1066 	.db #0xe1	; 225
      0003FC 3F                    1067 	.db #0x3f	; 63
      0003FD E1                    1068 	.db #0xe1	; 225
      0003FE 3F                    1069 	.db #0x3f	; 63
      0003FF E1                    1070 	.db #0xe1	; 225
      000400 81                    1071 	.db #0x81	; 129
      000401 81                    1072 	.db #0x81	; 129
      000402 81                    1073 	.db #0x81	; 129
      000403 81                    1074 	.db #0x81	; 129
      000404 81                    1075 	.db #0x81	; 129
      000405 81                    1076 	.db #0x81	; 129
      000406 81                    1077 	.db #0x81	; 129
      000407 81                    1078 	.db #0x81	; 129
      000408 83                    1079 	.db #0x83	; 131
      000409 83                    1080 	.db #0x83	; 131
      00040A 83                    1081 	.db #0x83	; 131
      00040B 83                    1082 	.db #0x83	; 131
      00040C 83                    1083 	.db #0x83	; 131
      00040D 83                    1084 	.db #0x83	; 131
      00040E 83                    1085 	.db #0x83	; 131
      00040F 83                    1086 	.db #0x83	; 131
      000410 80                    1087 	.db #0x80	; 128
      000411 FF                    1088 	.db #0xff	; 255
      000412 80                    1089 	.db #0x80	; 128
      000413 FF                    1090 	.db #0xff	; 255
      000414 80                    1091 	.db #0x80	; 128
      000415 FF                    1092 	.db #0xff	; 255
      000416 80                    1093 	.db #0x80	; 128
      000417 FF                    1094 	.db #0xff	; 255
      000418 01                    1095 	.db #0x01	; 1
      000419 FF                    1096 	.db #0xff	; 255
      00041A 01                    1097 	.db #0x01	; 1
      00041B FF                    1098 	.db #0xff	; 255
      00041C 01                    1099 	.db #0x01	; 1
      00041D FF                    1100 	.db #0xff	; 255
      00041E 01                    1101 	.db #0x01	; 1
      00041F FF                    1102 	.db #0xff	; 255
      000420 FF                    1103 	.db #0xff	; 255
      000421 C0                    1104 	.db #0xc0	; 192
      000422 FF                    1105 	.db #0xff	; 255
      000423 C0                    1106 	.db #0xc0	; 192
      000424 FF                    1107 	.db #0xff	; 255
      000425 C0                    1108 	.db #0xc0	; 192
      000426 FF                    1109 	.db #0xff	; 255
      000427 C0                    1110 	.db #0xc0	; 192
      000428 BF                    1111 	.db #0xbf	; 191
      000429 C0                    1112 	.db #0xc0	; 192
      00042A BF                    1113 	.db #0xbf	; 191
      00042B C0                    1114 	.db #0xc0	; 192
      00042C BF                    1115 	.db #0xbf	; 191
      00042D C0                    1116 	.db #0xc0	; 192
      00042E BF                    1117 	.db #0xbf	; 191
      00042F C0                    1118 	.db #0xc0	; 192
      000430 FE                    1119 	.db #0xfe	; 254
      000431 38                    1120 	.db #0x38	; 56	'8'
      000432 FE                    1121 	.db #0xfe	; 254
      000433 38                    1122 	.db #0x38	; 56	'8'
      000434 FE                    1123 	.db #0xfe	; 254
      000435 38                    1124 	.db #0x38	; 56	'8'
      000436 FE                    1125 	.db #0xfe	; 254
      000437 38                    1126 	.db #0x38	; 56	'8'
      000438 FE                    1127 	.db #0xfe	; 254
      000439 70                    1128 	.db #0x70	; 112	'p'
      00043A FE                    1129 	.db #0xfe	; 254
      00043B 70                    1130 	.db #0x70	; 112	'p'
      00043C FE                    1131 	.db #0xfe	; 254
      00043D 70                    1132 	.db #0x70	; 112	'p'
      00043E FE                    1133 	.db #0xfe	; 254
      00043F 70                    1134 	.db #0x70	; 112	'p'
      000440 03                    1135 	.db #0x03	; 3
      000441 03                    1136 	.db #0x03	; 3
      000442 03                    1137 	.db #0x03	; 3
      000443 03                    1138 	.db #0x03	; 3
      000444 03                    1139 	.db #0x03	; 3
      000445 03                    1140 	.db #0x03	; 3
      000446 03                    1141 	.db #0x03	; 3
      000447 03                    1142 	.db #0x03	; 3
      000448 07                    1143 	.db #0x07	; 7
      000449 07                    1144 	.db #0x07	; 7
      00044A 07                    1145 	.db #0x07	; 7
      00044B 07                    1146 	.db #0x07	; 7
      00044C 07                    1147 	.db #0x07	; 7
      00044D 07                    1148 	.db #0x07	; 7
      00044E 07                    1149 	.db #0x07	; 7
      00044F 07                    1150 	.db #0x07	; 7
      000450 80                    1151 	.db #0x80	; 128
      000451 80                    1152 	.db #0x80	; 128
      000452 80                    1153 	.db #0x80	; 128
      000453 80                    1154 	.db #0x80	; 128
      000454 80                    1155 	.db #0x80	; 128
      000455 80                    1156 	.db #0x80	; 128
      000456 80                    1157 	.db #0x80	; 128
      000457 80                    1158 	.db #0x80	; 128
      000458 00                    1159 	.db #0x00	; 0
      000459 00                    1160 	.db #0x00	; 0
      00045A 00                    1161 	.db #0x00	; 0
      00045B 00                    1162 	.db #0x00	; 0
      00045C 00                    1163 	.db #0x00	; 0
      00045D 00                    1164 	.db #0x00	; 0
      00045E 00                    1165 	.db #0x00	; 0
      00045F 00                    1166 	.db #0x00	; 0
      000460 38                    1167 	.db #0x38	; 56	'8'
      000461 38                    1168 	.db #0x38	; 56	'8'
      000462 38                    1169 	.db #0x38	; 56	'8'
      000463 38                    1170 	.db #0x38	; 56	'8'
      000464 38                    1171 	.db #0x38	; 56	'8'
      000465 38                    1172 	.db #0x38	; 56	'8'
      000466 38                    1173 	.db #0x38	; 56	'8'
      000467 38                    1174 	.db #0x38	; 56	'8'
      000468 70                    1175 	.db #0x70	; 112	'p'
      000469 70                    1176 	.db #0x70	; 112	'p'
      00046A 70                    1177 	.db #0x70	; 112	'p'
      00046B 70                    1178 	.db #0x70	; 112	'p'
      00046C 70                    1179 	.db #0x70	; 112	'p'
      00046D 70                    1180 	.db #0x70	; 112	'p'
      00046E 70                    1181 	.db #0x70	; 112	'p'
      00046F 70                    1182 	.db #0x70	; 112	'p'
      000470 1C                    1183 	.db #0x1c	; 28
      000471 1C                    1184 	.db #0x1c	; 28
      000472 1C                    1185 	.db #0x1c	; 28
      000473 1C                    1186 	.db #0x1c	; 28
      000474 1C                    1187 	.db #0x1c	; 28
      000475 1C                    1188 	.db #0x1c	; 28
      000476 1C                    1189 	.db #0x1c	; 28
      000477 1C                    1190 	.db #0x1c	; 28
      000478 38                    1191 	.db #0x38	; 56	'8'
      000479 38                    1192 	.db #0x38	; 56	'8'
      00047A 38                    1193 	.db #0x38	; 56	'8'
      00047B 38                    1194 	.db #0x38	; 56	'8'
      00047C 38                    1195 	.db #0x38	; 56	'8'
      00047D 38                    1196 	.db #0x38	; 56	'8'
      00047E 38                    1197 	.db #0x38	; 56	'8'
      00047F 38                    1198 	.db #0x38	; 56	'8'
      000480 01                    1199 	.db #0x01	; 1
      000481 01                    1200 	.db #0x01	; 1
      000482 01                    1201 	.db #0x01	; 1
      000483 01                    1202 	.db #0x01	; 1
      000484 01                    1203 	.db #0x01	; 1
      000485 01                    1204 	.db #0x01	; 1
      000486 01                    1205 	.db #0x01	; 1
      000487 01                    1206 	.db #0x01	; 1
      000488 03                    1207 	.db #0x03	; 3
      000489 03                    1208 	.db #0x03	; 3
      00048A 03                    1209 	.db #0x03	; 3
      00048B 03                    1210 	.db #0x03	; 3
      00048C 03                    1211 	.db #0x03	; 3
      00048D 03                    1212 	.db #0x03	; 3
      00048E 03                    1213 	.db #0x03	; 3
      00048F 03                    1214 	.db #0x03	; 3
      000490 FF                    1215 	.db #0xff	; 255
      000491 80                    1216 	.db #0x80	; 128
      000492 FF                    1217 	.db #0xff	; 255
      000493 80                    1218 	.db #0x80	; 128
      000494 FF                    1219 	.db #0xff	; 255
      000495 80                    1220 	.db #0x80	; 128
      000496 FF                    1221 	.db #0xff	; 255
      000497 80                    1222 	.db #0x80	; 128
      000498 FF                    1223 	.db #0xff	; 255
      000499 00                    1224 	.db #0x00	; 0
      00049A FF                    1225 	.db #0xff	; 255
      00049B 00                    1226 	.db #0x00	; 0
      00049C FF                    1227 	.db #0xff	; 255
      00049D 00                    1228 	.db #0x00	; 0
      00049E FF                    1229 	.db #0xff	; 255
      00049F 00                    1230 	.db #0x00	; 0
      0004A0 E0                    1231 	.db #0xe0	; 224
      0004A1 7F                    1232 	.db #0x7f	; 127
      0004A2 E0                    1233 	.db #0xe0	; 224
      0004A3 7F                    1234 	.db #0x7f	; 127
      0004A4 E0                    1235 	.db #0xe0	; 224
      0004A5 7F                    1236 	.db #0x7f	; 127
      0004A6 E0                    1237 	.db #0xe0	; 224
      0004A7 7F                    1238 	.db #0x7f	; 127
      0004A8 E0                    1239 	.db #0xe0	; 224
      0004A9 FF                    1240 	.db #0xff	; 255
      0004AA E0                    1241 	.db #0xe0	; 224
      0004AB FF                    1242 	.db #0xff	; 255
      0004AC E0                    1243 	.db #0xe0	; 224
      0004AD FF                    1244 	.db #0xff	; 255
      0004AE E0                    1245 	.db #0xe0	; 224
      0004AF FF                    1246 	.db #0xff	; 255
      0004B0 37                    1247 	.db #0x37	; 55	'7'
      0004B1 30                    1248 	.db #0x30	; 48	'0'
      0004B2 37                    1249 	.db #0x37	; 55	'7'
      0004B3 30                    1250 	.db #0x30	; 48	'0'
      0004B4 37                    1251 	.db #0x37	; 55	'7'
      0004B5 30                    1252 	.db #0x30	; 48	'0'
      0004B6 37                    1253 	.db #0x37	; 55	'7'
      0004B7 30                    1254 	.db #0x30	; 48	'0'
      0004B8 67                    1255 	.db #0x67	; 103	'g'
      0004B9 60                    1256 	.db #0x60	; 96
      0004BA 67                    1257 	.db #0x67	; 103	'g'
      0004BB 60                    1258 	.db #0x60	; 96
      0004BC 67                    1259 	.db #0x67	; 103	'g'
      0004BD 60                    1260 	.db #0x60	; 96
      0004BE 67                    1261 	.db #0x67	; 103	'g'
      0004BF 60                    1262 	.db #0x60	; 96
      0004C0 70                    1263 	.db #0x70	; 112	'p'
      0004C1 4F                    1264 	.db #0x4f	; 79	'O'
      0004C2 70                    1265 	.db #0x70	; 112	'p'
      0004C3 4F                    1266 	.db #0x4f	; 79	'O'
      0004C4 70                    1267 	.db #0x70	; 112	'p'
      0004C5 4F                    1268 	.db #0x4f	; 79	'O'
      0004C6 70                    1269 	.db #0x70	; 112	'p'
      0004C7 4F                    1270 	.db #0x4f	; 79	'O'
      0004C8 F4                    1271 	.db #0xf4	; 244
      0004C9 CF                    1272 	.db #0xcf	; 207
      0004CA F4                    1273 	.db #0xf4	; 244
      0004CB CF                    1274 	.db #0xcf	; 207
      0004CC F4                    1275 	.db #0xf4	; 244
      0004CD CF                    1276 	.db #0xcf	; 207
      0004CE F4                    1277 	.db #0xf4	; 244
      0004CF CF                    1278 	.db #0xcf	; 207
      0004D0 3F                    1279 	.db #0x3f	; 63
      0004D1 E3                    1280 	.db #0xe3	; 227
      0004D2 3F                    1281 	.db #0x3f	; 63
      0004D3 E3                    1282 	.db #0xe3	; 227
      0004D4 3F                    1283 	.db #0x3f	; 63
      0004D5 E3                    1284 	.db #0xe3	; 227
      0004D6 3F                    1285 	.db #0x3f	; 63
      0004D7 E3                    1286 	.db #0xe3	; 227
      0004D8 00                    1287 	.db #0x00	; 0
      0004D9 00                    1288 	.db #0x00	; 0
      0004DA 00                    1289 	.db #0x00	; 0
      0004DB 00                    1290 	.db #0x00	; 0
      0004DC 00                    1291 	.db #0x00	; 0
      0004DD 00                    1292 	.db #0x00	; 0
      0004DE 00                    1293 	.db #0x00	; 0
      0004DF 00                    1294 	.db #0x00	; 0
      0004E0 06                    1295 	.db #0x06	; 6
      0004E1 06                    1296 	.db #0x06	; 6
      0004E2 06                    1297 	.db #0x06	; 6
      0004E3 06                    1298 	.db #0x06	; 6
      0004E4 06                    1299 	.db #0x06	; 6
      0004E5 06                    1300 	.db #0x06	; 6
      0004E6 06                    1301 	.db #0x06	; 6
      0004E7 06                    1302 	.db #0x06	; 6
      0004E8 00                    1303 	.db #0x00	; 0
      0004E9 00                    1304 	.db #0x00	; 0
      0004EA 00                    1305 	.db #0x00	; 0
      0004EB 00                    1306 	.db #0x00	; 0
      0004EC 00                    1307 	.db #0x00	; 0
      0004ED 00                    1308 	.db #0x00	; 0
      0004EE 00                    1309 	.db #0x00	; 0
      0004EF 00                    1310 	.db #0x00	; 0
      0004F0 03                    1311 	.db #0x03	; 3
      0004F1 FF                    1312 	.db #0xff	; 255
      0004F2 03                    1313 	.db #0x03	; 3
      0004F3 FF                    1314 	.db #0xff	; 255
      0004F4 03                    1315 	.db #0x03	; 3
      0004F5 FF                    1316 	.db #0xff	; 255
      0004F6 03                    1317 	.db #0x03	; 3
      0004F7 FF                    1318 	.db #0xff	; 255
      0004F8 00                    1319 	.db #0x00	; 0
      0004F9 00                    1320 	.db #0x00	; 0
      0004FA 00                    1321 	.db #0x00	; 0
      0004FB 00                    1322 	.db #0x00	; 0
      0004FC 00                    1323 	.db #0x00	; 0
      0004FD 00                    1324 	.db #0x00	; 0
      0004FE 00                    1325 	.db #0x00	; 0
      0004FF 00                    1326 	.db #0x00	; 0
      000500 3F                    1327 	.db #0x3f	; 63
      000501 C0                    1328 	.db #0xc0	; 192
      000502 3F                    1329 	.db #0x3f	; 63
      000503 C0                    1330 	.db #0xc0	; 192
      000504 3F                    1331 	.db #0x3f	; 63
      000505 C0                    1332 	.db #0xc0	; 192
      000506 3F                    1333 	.db #0x3f	; 63
      000507 C0                    1334 	.db #0xc0	; 192
      000508 00                    1335 	.db #0x00	; 0
      000509 00                    1336 	.db #0x00	; 0
      00050A 00                    1337 	.db #0x00	; 0
      00050B 00                    1338 	.db #0x00	; 0
      00050C 00                    1339 	.db #0x00	; 0
      00050D 00                    1340 	.db #0x00	; 0
      00050E 00                    1341 	.db #0x00	; 0
      00050F 00                    1342 	.db #0x00	; 0
      000510 FE                    1343 	.db #0xfe	; 254
      000511 E0                    1344 	.db #0xe0	; 224
      000512 FE                    1345 	.db #0xfe	; 254
      000513 E0                    1346 	.db #0xe0	; 224
      000514 FE                    1347 	.db #0xfe	; 254
      000515 E0                    1348 	.db #0xe0	; 224
      000516 FE                    1349 	.db #0xfe	; 254
      000517 E0                    1350 	.db #0xe0	; 224
      000518 00                    1351 	.db #0x00	; 0
      000519 00                    1352 	.db #0x00	; 0
      00051A 00                    1353 	.db #0x00	; 0
      00051B 00                    1354 	.db #0x00	; 0
      00051C 00                    1355 	.db #0x00	; 0
      00051D 00                    1356 	.db #0x00	; 0
      00051E 00                    1357 	.db #0x00	; 0
      00051F 00                    1358 	.db #0x00	; 0
      000520 0E                    1359 	.db #0x0e	; 14
      000521 0E                    1360 	.db #0x0e	; 14
      000522 0E                    1361 	.db #0x0e	; 14
      000523 0E                    1362 	.db #0x0e	; 14
      000524 0E                    1363 	.db #0x0e	; 14
      000525 0E                    1364 	.db #0x0e	; 14
      000526 0E                    1365 	.db #0x0e	; 14
      000527 0E                    1366 	.db #0x0e	; 14
      000528 00                    1367 	.db #0x00	; 0
      000529 00                    1368 	.db #0x00	; 0
      00052A 00                    1369 	.db #0x00	; 0
      00052B 00                    1370 	.db #0x00	; 0
      00052C 00                    1371 	.db #0x00	; 0
      00052D 00                    1372 	.db #0x00	; 0
      00052E 00                    1373 	.db #0x00	; 0
      00052F 00                    1374 	.db #0x00	; 0
      000530 00                    1375 	.db #0x00	; 0
      000531 00                    1376 	.db #0x00	; 0
      000532 00                    1377 	.db #0x00	; 0
      000533 00                    1378 	.db #0x00	; 0
      000534 00                    1379 	.db #0x00	; 0
      000535 00                    1380 	.db #0x00	; 0
      000536 00                    1381 	.db #0x00	; 0
      000537 00                    1382 	.db #0x00	; 0
      000538 00                    1383 	.db #0x00	; 0
      000539 00                    1384 	.db #0x00	; 0
      00053A 00                    1385 	.db #0x00	; 0
      00053B 00                    1386 	.db #0x00	; 0
      00053C 00                    1387 	.db #0x00	; 0
      00053D 00                    1388 	.db #0x00	; 0
      00053E 00                    1389 	.db #0x00	; 0
      00053F 00                    1390 	.db #0x00	; 0
      000540 E0                    1391 	.db #0xe0	; 224
      000541 E0                    1392 	.db #0xe0	; 224
      000542 E0                    1393 	.db #0xe0	; 224
      000543 E0                    1394 	.db #0xe0	; 224
      000544 E0                    1395 	.db #0xe0	; 224
      000545 E0                    1396 	.db #0xe0	; 224
      000546 E0                    1397 	.db #0xe0	; 224
      000547 E0                    1398 	.db #0xe0	; 224
      000548 00                    1399 	.db #0x00	; 0
      000549 00                    1400 	.db #0x00	; 0
      00054A 00                    1401 	.db #0x00	; 0
      00054B 00                    1402 	.db #0x00	; 0
      00054C 00                    1403 	.db #0x00	; 0
      00054D 00                    1404 	.db #0x00	; 0
      00054E 00                    1405 	.db #0x00	; 0
      00054F 00                    1406 	.db #0x00	; 0
      000550 07                    1407 	.db #0x07	; 7
      000551 07                    1408 	.db #0x07	; 7
      000552 07                    1409 	.db #0x07	; 7
      000553 07                    1410 	.db #0x07	; 7
      000554 07                    1411 	.db #0x07	; 7
      000555 07                    1412 	.db #0x07	; 7
      000556 07                    1413 	.db #0x07	; 7
      000557 07                    1414 	.db #0x07	; 7
      000558 00                    1415 	.db #0x00	; 0
      000559 00                    1416 	.db #0x00	; 0
      00055A 00                    1417 	.db #0x00	; 0
      00055B 00                    1418 	.db #0x00	; 0
      00055C 00                    1419 	.db #0x00	; 0
      00055D 00                    1420 	.db #0x00	; 0
      00055E 00                    1421 	.db #0x00	; 0
      00055F 00                    1422 	.db #0x00	; 0
      000560 00                    1423 	.db #0x00	; 0
      000561 00                    1424 	.db #0x00	; 0
      000562 00                    1425 	.db #0x00	; 0
      000563 00                    1426 	.db #0x00	; 0
      000564 00                    1427 	.db #0x00	; 0
      000565 00                    1428 	.db #0x00	; 0
      000566 00                    1429 	.db #0x00	; 0
      000567 00                    1430 	.db #0x00	; 0
      000568 00                    1431 	.db #0x00	; 0
      000569 00                    1432 	.db #0x00	; 0
      00056A 00                    1433 	.db #0x00	; 0
      00056B 00                    1434 	.db #0x00	; 0
      00056C 00                    1435 	.db #0x00	; 0
      00056D 00                    1436 	.db #0x00	; 0
      00056E 00                    1437 	.db #0x00	; 0
      00056F 00                    1438 	.db #0x00	; 0
      000570 70                    1439 	.db #0x70	; 112	'p'
      000571 70                    1440 	.db #0x70	; 112	'p'
      000572 70                    1441 	.db #0x70	; 112	'p'
      000573 70                    1442 	.db #0x70	; 112	'p'
      000574 70                    1443 	.db #0x70	; 112	'p'
      000575 70                    1444 	.db #0x70	; 112	'p'
      000576 70                    1445 	.db #0x70	; 112	'p'
      000577 70                    1446 	.db #0x70	; 112	'p'
      000578 00                    1447 	.db #0x00	; 0
      000579 00                    1448 	.db #0x00	; 0
      00057A 00                    1449 	.db #0x00	; 0
      00057B 00                    1450 	.db #0x00	; 0
      00057C 00                    1451 	.db #0x00	; 0
      00057D 00                    1452 	.db #0x00	; 0
      00057E 00                    1453 	.db #0x00	; 0
      00057F 00                    1454 	.db #0x00	; 0
      000580 06                    1455 	.db #0x06	; 6
      000581 06                    1456 	.db #0x06	; 6
      000582 06                    1457 	.db #0x06	; 6
      000583 06                    1458 	.db #0x06	; 6
      000584 06                    1459 	.db #0x06	; 6
      000585 06                    1460 	.db #0x06	; 6
      000586 06                    1461 	.db #0x06	; 6
      000587 06                    1462 	.db #0x06	; 6
      000588 00                    1463 	.db #0x00	; 0
      000589 00                    1464 	.db #0x00	; 0
      00058A 00                    1465 	.db #0x00	; 0
      00058B 00                    1466 	.db #0x00	; 0
      00058C 00                    1467 	.db #0x00	; 0
      00058D 00                    1468 	.db #0x00	; 0
      00058E 00                    1469 	.db #0x00	; 0
      00058F 00                    1470 	.db #0x00	; 0
      000590 FF                    1471 	.db #0xff	; 255
      000591 01                    1472 	.db #0x01	; 1
      000592 FF                    1473 	.db #0xff	; 255
      000593 01                    1474 	.db #0x01	; 1
      000594 FF                    1475 	.db #0xff	; 255
      000595 01                    1476 	.db #0x01	; 1
      000596 FF                    1477 	.db #0xff	; 255
      000597 01                    1478 	.db #0x01	; 1
      000598 00                    1479 	.db #0x00	; 0
      000599 00                    1480 	.db #0x00	; 0
      00059A 00                    1481 	.db #0x00	; 0
      00059B 00                    1482 	.db #0x00	; 0
      00059C 00                    1483 	.db #0x00	; 0
      00059D 00                    1484 	.db #0x00	; 0
      00059E 00                    1485 	.db #0x00	; 0
      00059F 00                    1486 	.db #0x00	; 0
      0005A0 C0                    1487 	.db #0xc0	; 192
      0005A1 FF                    1488 	.db #0xff	; 255
      0005A2 C0                    1489 	.db #0xc0	; 192
      0005A3 FF                    1490 	.db #0xff	; 255
      0005A4 C0                    1491 	.db #0xc0	; 192
      0005A5 FF                    1492 	.db #0xff	; 255
      0005A6 C0                    1493 	.db #0xc0	; 192
      0005A7 FF                    1494 	.db #0xff	; 255
      0005A8 00                    1495 	.db #0x00	; 0
      0005A9 00                    1496 	.db #0x00	; 0
      0005AA 00                    1497 	.db #0x00	; 0
      0005AB 00                    1498 	.db #0x00	; 0
      0005AC 00                    1499 	.db #0x00	; 0
      0005AD 00                    1500 	.db #0x00	; 0
      0005AE 00                    1501 	.db #0x00	; 0
      0005AF 00                    1502 	.db #0x00	; 0
      0005B0 67                    1503 	.db #0x67	; 103	'g'
      0005B1 60                    1504 	.db #0x60	; 96
      0005B2 67                    1505 	.db #0x67	; 103	'g'
      0005B3 60                    1506 	.db #0x60	; 96
      0005B4 67                    1507 	.db #0x67	; 103	'g'
      0005B5 60                    1508 	.db #0x60	; 96
      0005B6 67                    1509 	.db #0x67	; 103	'g'
      0005B7 60                    1510 	.db #0x60	; 96
      0005B8 00                    1511 	.db #0x00	; 0
      0005B9 00                    1512 	.db #0x00	; 0
      0005BA 00                    1513 	.db #0x00	; 0
      0005BB 00                    1514 	.db #0x00	; 0
      0005BC 00                    1515 	.db #0x00	; 0
      0005BD 00                    1516 	.db #0x00	; 0
      0005BE 00                    1517 	.db #0x00	; 0
      0005BF 00                    1518 	.db #0x00	; 0
      0005C0 B4                    1519 	.db #0xb4	; 180
      0005C1 8F                    1520 	.db #0x8f	; 143
      0005C2 B4                    1521 	.db #0xb4	; 180
      0005C3 8F                    1522 	.db #0x8f	; 143
      0005C4 B4                    1523 	.db #0xb4	; 180
      0005C5 8F                    1524 	.db #0x8f	; 143
      0005C6 B4                    1525 	.db #0xb4	; 180
      0005C7 8F                    1526 	.db #0x8f	; 143
      0005C8 00                    1527 	.db #0x00	; 0
      0005C9 00                    1528 	.db #0x00	; 0
      0005CA 00                    1529 	.db #0x00	; 0
      0005CB 00                    1530 	.db #0x00	; 0
      0005CC 00                    1531 	.db #0x00	; 0
      0005CD 00                    1532 	.db #0x00	; 0
      0005CE 00                    1533 	.db #0x00	; 0
      0005CF 00                    1534 	.db #0x00	; 0
                                   1535 	.area _INITIALIZER
                                   1536 	.area _CABS (ABS)
