                                      1 ;--------------------------------------------------------
                                      2 ; File Created by SDCC : free open source ANSI-C Compiler
                                      3 ; Version 4.1.6 #12539 (MINGW32)
                                      4 ;--------------------------------------------------------
                                      5 	.module spriteGraphics
                                      6 	.optsdcc -mgbz80
                                      7 	
                                      8 ;--------------------------------------------------------
                                      9 ; Public variables in this module
                                     10 ;--------------------------------------------------------
                                     11 	.globl _spriteGraphics
                                     12 	.globl ___bank_spriteGraphics
                                     13 ;--------------------------------------------------------
                                     14 ; special function registers
                                     15 ;--------------------------------------------------------
                                     16 ;--------------------------------------------------------
                                     17 ; ram data
                                     18 ;--------------------------------------------------------
                                     19 	.area _DATA
                                     20 ;--------------------------------------------------------
                                     21 ; ram data
                                     22 ;--------------------------------------------------------
                                     23 	.area _INITIALIZED
                                     24 ;--------------------------------------------------------
                                     25 ; absolute external ram data
                                     26 ;--------------------------------------------------------
                                     27 	.area _DABS (ABS)
                                     28 ;--------------------------------------------------------
                                     29 ; global & static initialisations
                                     30 ;--------------------------------------------------------
                                     31 	.area _HOME
                                     32 	.area _GSINIT
                                     33 	.area _GSFINAL
                                     34 	.area _GSINIT
                                     35 ;--------------------------------------------------------
                                     36 ; Home
                                     37 ;--------------------------------------------------------
                                     38 	.area _HOME
                                     39 	.area _HOME
                                     40 ;--------------------------------------------------------
                                     41 ; code
                                     42 ;--------------------------------------------------------
                                     43 	.area _CODE_1
                                     44 	.area _CODE_1
                           000001    45 ___bank_spriteGraphics	=	0x0001
      000000                         46 _spriteGraphics:
      000000 06                      47 	.db #0x06	; 6
      000001 07                      48 	.db #0x07	; 7
      000002 18                      49 	.db #0x18	; 24
      000003 1F                      50 	.db #0x1f	; 31
      000004 31                      51 	.db #0x31	; 49	'1'
      000005 3E                      52 	.db #0x3e	; 62
      000006 63                      53 	.db #0x63	; 99	'c'
      000007 7C                      54 	.db #0x7c	; 124
      000008 63                      55 	.db #0x63	; 99	'c'
      000009 7C                      56 	.db #0x7c	; 124
      00000A E3                      57 	.db #0xe3	; 227
      00000B FC                      58 	.db #0xfc	; 252
      00000C E3                      59 	.db #0xe3	; 227
      00000D FC                      60 	.db #0xfc	; 252
      00000E E3                      61 	.db #0xe3	; 227
      00000F FC                      62 	.db #0xfc	; 252
      000010 E1                      63 	.db #0xe1	; 225
      000011 FE                      64 	.db #0xfe	; 254
      000012 E0                      65 	.db #0xe0	; 224
      000013 FF                      66 	.db #0xff	; 255
      000014 F0                      67 	.db #0xf0	; 240
      000015 FF                      68 	.db #0xff	; 255
      000016 70                      69 	.db #0x70	; 112	'p'
      000017 7F                      70 	.db #0x7f	; 127
      000018 7C                      71 	.db #0x7c	; 124
      000019 7F                      72 	.db #0x7f	; 127
      00001A 3F                      73 	.db #0x3f	; 63
      00001B 3F                      74 	.db #0x3f	; 63
      00001C 1F                      75 	.db #0x1f	; 31
      00001D 1F                      76 	.db #0x1f	; 31
      00001E 07                      77 	.db #0x07	; 7
      00001F 07                      78 	.db #0x07	; 7
      000020 00                      79 	.db #0x00	; 0
      000021 E0                      80 	.db #0xe0	; 224
      000022 E0                      81 	.db #0xe0	; 224
      000023 18                      82 	.db #0x18	; 24
      000024 F8                      83 	.db #0xf8	; 248
      000025 04                      84 	.db #0x04	; 4
      000026 FC                      85 	.db #0xfc	; 252
      000027 02                      86 	.db #0x02	; 2
      000028 FC                      87 	.db #0xfc	; 252
      000029 02                      88 	.db #0x02	; 2
      00002A FE                      89 	.db #0xfe	; 254
      00002B 01                      90 	.db #0x01	; 1
      00002C FE                      91 	.db #0xfe	; 254
      00002D 01                      92 	.db #0x01	; 1
      00002E FE                      93 	.db #0xfe	; 254
      00002F 01                      94 	.db #0x01	; 1
      000030 FC                      95 	.db #0xfc	; 252
      000031 03                      96 	.db #0x03	; 3
      000032 F9                      97 	.db #0xf9	; 249
      000033 07                      98 	.db #0x07	; 7
      000034 01                      99 	.db #0x01	; 1
      000035 FF                     100 	.db #0xff	; 255
      000036 02                     101 	.db #0x02	; 2
      000037 FE                     102 	.db #0xfe	; 254
      000038 06                     103 	.db #0x06	; 6
      000039 FE                     104 	.db #0xfe	; 254
      00003A FC                     105 	.db #0xfc	; 252
      00003B FC                     106 	.db #0xfc	; 252
      00003C F8                     107 	.db #0xf8	; 248
      00003D F8                     108 	.db #0xf8	; 248
      00003E E0                     109 	.db #0xe0	; 224
      00003F E0                     110 	.db #0xe0	; 224
      000040 F8                     111 	.db #0xf8	; 248
      000041 F8                     112 	.db #0xf8	; 248
      000042 FE                     113 	.db #0xfe	; 254
      000043 8E                     114 	.db #0x8e	; 142
      000044 F9                     115 	.db #0xf9	; 249
      000045 8F                     116 	.db #0x8f	; 143
      000046 F8                     117 	.db #0xf8	; 248
      000047 8F                     118 	.db #0x8f	; 143
      000048 F8                     119 	.db #0xf8	; 248
      000049 8F                     120 	.db #0x8f	; 143
      00004A F8                     121 	.db #0xf8	; 248
      00004B 8F                     122 	.db #0x8f	; 143
      00004C F8                     123 	.db #0xf8	; 248
      00004D 8F                     124 	.db #0x8f	; 143
      00004E F8                     125 	.db #0xf8	; 248
      00004F 8F                     126 	.db #0x8f	; 143
      000050 F8                     127 	.db #0xf8	; 248
      000051 8F                     128 	.db #0x8f	; 143
      000052 F8                     129 	.db #0xf8	; 248
      000053 8F                     130 	.db #0x8f	; 143
      000054 F8                     131 	.db #0xf8	; 248
      000055 8F                     132 	.db #0x8f	; 143
      000056 F8                     133 	.db #0xf8	; 248
      000057 8F                     134 	.db #0x8f	; 143
      000058 88                     135 	.db #0x88	; 136
      000059 FF                     136 	.db #0xff	; 255
      00005A 89                     137 	.db #0x89	; 137
      00005B FF                     138 	.db #0xff	; 255
      00005C 8E                     139 	.db #0x8e	; 142
      00005D FE                     140 	.db #0xfe	; 254
      00005E F8                     141 	.db #0xf8	; 248
      00005F F8                     142 	.db #0xf8	; 248
      000060 18                     143 	.db #0x18	; 24
      000061 18                     144 	.db #0x18	; 24
      000062 34                     145 	.db #0x34	; 52	'4'
      000063 2C                     146 	.db #0x2c	; 44
      000064 34                     147 	.db #0x34	; 52	'4'
      000065 2C                     148 	.db #0x2c	; 44
      000066 72                     149 	.db #0x72	; 114	'r'
      000067 4E                     150 	.db #0x4e	; 78	'N'
      000068 72                     151 	.db #0x72	; 114	'r'
      000069 4E                     152 	.db #0x4e	; 78	'N'
      00006A 7A                     153 	.db #0x7a	; 122	'z'
      00006B 46                     154 	.db #0x46	; 70	'F'
      00006C 7A                     155 	.db #0x7a	; 122	'z'
      00006D 46                     156 	.db #0x46	; 70	'F'
      00006E 7A                     157 	.db #0x7a	; 122	'z'
      00006F 46                     158 	.db #0x46	; 70	'F'
      000070 7A                     159 	.db #0x7a	; 122	'z'
      000071 46                     160 	.db #0x46	; 70	'F'
      000072 7A                     161 	.db #0x7a	; 122	'z'
      000073 46                     162 	.db #0x46	; 70	'F'
      000074 FB                     163 	.db #0xfb	; 251
      000075 C7                     164 	.db #0xc7	; 199
      000076 7F                     165 	.db #0x7f	; 127
      000077 BC                     166 	.db #0xbc	; 188
      000078 7F                     167 	.db #0x7f	; 127
      000079 80                     168 	.db #0x80	; 128
      00007A 7F                     169 	.db #0x7f	; 127
      00007B 80                     170 	.db #0x80	; 128
      00007C 3F                     171 	.db #0x3f	; 63
      00007D C0                     172 	.db #0xc0	; 192
      00007E 3F                     173 	.db #0x3f	; 63
      00007F C0                     174 	.db #0xc0	; 192
      000080 1F                     175 	.db #0x1f	; 31
      000081 1F                     176 	.db #0x1f	; 31
      000082 7F                     177 	.db #0x7f	; 127
      000083 71                     178 	.db #0x71	; 113	'q'
      000084 FF                     179 	.db #0xff	; 255
      000085 91                     180 	.db #0x91	; 145
      000086 FF                     181 	.db #0xff	; 255
      000087 11                     182 	.db #0x11	; 17
      000088 FF                     183 	.db #0xff	; 255
      000089 11                     184 	.db #0x11	; 17
      00008A FF                     185 	.db #0xff	; 255
      00008B 11                     186 	.db #0x11	; 17
      00008C FF                     187 	.db #0xff	; 255
      00008D 11                     188 	.db #0x11	; 17
      00008E FF                     189 	.db #0xff	; 255
      00008F 11                     190 	.db #0x11	; 17
      000090 FF                     191 	.db #0xff	; 255
      000091 11                     192 	.db #0x11	; 17
      000092 FF                     193 	.db #0xff	; 255
      000093 11                     194 	.db #0x11	; 17
      000094 7F                     195 	.db #0x7f	; 127
      000095 91                     196 	.db #0x91	; 145
      000096 3F                     197 	.db #0x3f	; 63
      000097 D1                     198 	.db #0xd1	; 209
      000098 11                     199 	.db #0x11	; 17
      000099 FF                     200 	.db #0xff	; 255
      00009A 91                     201 	.db #0x91	; 145
      00009B FF                     202 	.db #0xff	; 255
      00009C 71                     203 	.db #0x71	; 113	'q'
      00009D 7F                     204 	.db #0x7f	; 127
      00009E 1F                     205 	.db #0x1f	; 31
      00009F 1F                     206 	.db #0x1f	; 31
      0000A0 3F                     207 	.db #0x3f	; 63
      0000A1 C0                     208 	.db #0xc0	; 192
      0000A2 0F                     209 	.db #0x0f	; 15
      0000A3 F0                     210 	.db #0xf0	; 240
      0000A4 00                     211 	.db #0x00	; 0
      0000A5 FF                     212 	.db #0xff	; 255
      0000A6 00                     213 	.db #0x00	; 0
      0000A7 FF                     214 	.db #0xff	; 255
      0000A8 7E                     215 	.db #0x7e	; 126
      0000A9 FF                     216 	.db #0xff	; 255
      0000AA C3                     217 	.db #0xc3	; 195
      0000AB FF                     218 	.db #0xff	; 255
      0000AC 42                     219 	.db #0x42	; 66	'B'
      0000AD 7E                     220 	.db #0x7e	; 126
      0000AE 7A                     221 	.db #0x7a	; 122	'z'
      0000AF 46                     222 	.db #0x46	; 70	'F'
      0000B0 7A                     223 	.db #0x7a	; 122	'z'
      0000B1 46                     224 	.db #0x46	; 70	'F'
      0000B2 7A                     225 	.db #0x7a	; 122	'z'
      0000B3 46                     226 	.db #0x46	; 70	'F'
      0000B4 7A                     227 	.db #0x7a	; 122	'z'
      0000B5 46                     228 	.db #0x46	; 70	'F'
      0000B6 7A                     229 	.db #0x7a	; 122	'z'
      0000B7 46                     230 	.db #0x46	; 70	'F'
      0000B8 7A                     231 	.db #0x7a	; 122	'z'
      0000B9 46                     232 	.db #0x46	; 70	'F'
      0000BA 7A                     233 	.db #0x7a	; 122	'z'
      0000BB 46                     234 	.db #0x46	; 70	'F'
      0000BC 7A                     235 	.db #0x7a	; 122	'z'
      0000BD 46                     236 	.db #0x46	; 70	'F'
      0000BE 7A                     237 	.db #0x7a	; 122	'z'
      0000BF 46                     238 	.db #0x46	; 70	'F'
      0000C0 F9                     239 	.db #0xf9	; 249
      0000C1 87                     240 	.db #0x87	; 135
      0000C2 F1                     241 	.db #0xf1	; 241
      0000C3 8F                     242 	.db #0x8f	; 143
      0000C4 F1                     243 	.db #0xf1	; 241
      0000C5 8F                     244 	.db #0x8f	; 143
      0000C6 F1                     245 	.db #0xf1	; 241
      0000C7 8F                     246 	.db #0x8f	; 143
      0000C8 F1                     247 	.db #0xf1	; 241
      0000C9 8F                     248 	.db #0x8f	; 143
      0000CA F1                     249 	.db #0xf1	; 241
      0000CB 8F                     250 	.db #0x8f	; 143
      0000CC F1                     251 	.db #0xf1	; 241
      0000CD 8F                     252 	.db #0x8f	; 143
      0000CE FF                     253 	.db #0xff	; 255
      0000CF FF                     254 	.db #0xff	; 255
      0000D0 00                     255 	.db #0x00	; 0
      0000D1 00                     256 	.db #0x00	; 0
      0000D2 00                     257 	.db #0x00	; 0
      0000D3 00                     258 	.db #0x00	; 0
      0000D4 00                     259 	.db #0x00	; 0
      0000D5 00                     260 	.db #0x00	; 0
      0000D6 00                     261 	.db #0x00	; 0
      0000D7 00                     262 	.db #0x00	; 0
      0000D8 00                     263 	.db #0x00	; 0
      0000D9 00                     264 	.db #0x00	; 0
      0000DA 00                     265 	.db #0x00	; 0
      0000DB 00                     266 	.db #0x00	; 0
      0000DC 00                     267 	.db #0x00	; 0
      0000DD 00                     268 	.db #0x00	; 0
      0000DE 00                     269 	.db #0x00	; 0
      0000DF 00                     270 	.db #0x00	; 0
      0000E0 08                     271 	.db #0x08	; 8
      0000E1 10                     272 	.db #0x10	; 16
      0000E2 08                     273 	.db #0x08	; 8
      0000E3 10                     274 	.db #0x10	; 16
      0000E4 08                     275 	.db #0x08	; 8
      0000E5 10                     276 	.db #0x10	; 16
      0000E6 0F                     277 	.db #0x0f	; 15
      0000E7 F0                     278 	.db #0xf0	; 240
      0000E8 F0                     279 	.db #0xf0	; 240
      0000E9 FF                     280 	.db #0xff	; 255
      0000EA 10                     281 	.db #0x10	; 16
      0000EB 18                     282 	.db #0x18	; 24
      0000EC 10                     283 	.db #0x10	; 16
      0000ED 18                     284 	.db #0x18	; 24
      0000EE 10                     285 	.db #0x10	; 16
      0000EF 18                     286 	.db #0x18	; 24
      0000F0 00                     287 	.db #0x00	; 0
      0000F1 00                     288 	.db #0x00	; 0
      0000F2 00                     289 	.db #0x00	; 0
      0000F3 00                     290 	.db #0x00	; 0
      0000F4 00                     291 	.db #0x00	; 0
      0000F5 00                     292 	.db #0x00	; 0
      0000F6 00                     293 	.db #0x00	; 0
      0000F7 00                     294 	.db #0x00	; 0
      0000F8 00                     295 	.db #0x00	; 0
      0000F9 00                     296 	.db #0x00	; 0
      0000FA 00                     297 	.db #0x00	; 0
      0000FB 00                     298 	.db #0x00	; 0
      0000FC 00                     299 	.db #0x00	; 0
      0000FD 00                     300 	.db #0x00	; 0
      0000FE 00                     301 	.db #0x00	; 0
      0000FF 00                     302 	.db #0x00	; 0
      000100 00                     303 	.db #0x00	; 0
      000101 00                     304 	.db #0x00	; 0
      000102 00                     305 	.db #0x00	; 0
      000103 00                     306 	.db #0x00	; 0
      000104 00                     307 	.db #0x00	; 0
      000105 00                     308 	.db #0x00	; 0
      000106 00                     309 	.db #0x00	; 0
      000107 00                     310 	.db #0x00	; 0
      000108 0F                     311 	.db #0x0f	; 15
      000109 0F                     312 	.db #0x0f	; 15
      00010A 3F                     313 	.db #0x3f	; 63
      00010B 30                     314 	.db #0x30	; 48	'0'
      00010C 5F                     315 	.db #0x5f	; 95
      00010D 68                     316 	.db #0x68	; 104	'h'
      00010E 5F                     317 	.db #0x5f	; 95
      00010F 68                     318 	.db #0x68	; 104	'h'
      000110 EF                     319 	.db #0xef	; 239
      000111 F0                     320 	.db #0xf0	; 240
      000112 E7                     321 	.db #0xe7	; 231
      000113 F9                     322 	.db #0xf9	; 249
      000114 11                     323 	.db #0x11	; 17
      000115 1F                     324 	.db #0x1f	; 31
      000116 0E                     325 	.db #0x0e	; 14
      000117 0F                     326 	.db #0x0f	; 15
      000118 02                     327 	.db #0x02	; 2
      000119 03                     328 	.db #0x03	; 3
      00011A 02                     329 	.db #0x02	; 2
      00011B 03                     330 	.db #0x03	; 3
      00011C 03                     331 	.db #0x03	; 3
      00011D 03                     332 	.db #0x03	; 3
      00011E 00                     333 	.db #0x00	; 0
      00011F 00                     334 	.db #0x00	; 0
      000120 00                     335 	.db #0x00	; 0
      000121 00                     336 	.db #0x00	; 0
      000122 00                     337 	.db #0x00	; 0
      000123 00                     338 	.db #0x00	; 0
      000124 00                     339 	.db #0x00	; 0
      000125 00                     340 	.db #0x00	; 0
      000126 00                     341 	.db #0x00	; 0
      000127 00                     342 	.db #0x00	; 0
      000128 00                     343 	.db #0x00	; 0
      000129 00                     344 	.db #0x00	; 0
      00012A C3                     345 	.db #0xc3	; 195
      00012B C3                     346 	.db #0xc3	; 195
      00012C FF                     347 	.db #0xff	; 255
      00012D 3D                     348 	.db #0x3d	; 61
      00012E FF                     349 	.db #0xff	; 255
      00012F 01                     350 	.db #0x01	; 1
      000130 FE                     351 	.db #0xfe	; 254
      000131 02                     352 	.db #0x02	; 2
      000132 FA                     353 	.db #0xfa	; 250
      000133 0E                     354 	.db #0x0e	; 14
      000134 F4                     355 	.db #0xf4	; 244
      000135 1C                     356 	.db #0x1c	; 28
      000136 F8                     357 	.db #0xf8	; 248
      000137 18                     358 	.db #0x18	; 24
      000138 E0                     359 	.db #0xe0	; 224
      000139 20                     360 	.db #0x20	; 32
      00013A 40                     361 	.db #0x40	; 64
      00013B C0                     362 	.db #0xc0	; 192
      00013C 80                     363 	.db #0x80	; 128
      00013D 80                     364 	.db #0x80	; 128
      00013E 00                     365 	.db #0x00	; 0
      00013F 00                     366 	.db #0x00	; 0
      000140 00                     367 	.db #0x00	; 0
      000141 00                     368 	.db #0x00	; 0
      000142 00                     369 	.db #0x00	; 0
      000143 00                     370 	.db #0x00	; 0
      000144 00                     371 	.db #0x00	; 0
      000145 00                     372 	.db #0x00	; 0
      000146 00                     373 	.db #0x00	; 0
      000147 00                     374 	.db #0x00	; 0
      000148 0F                     375 	.db #0x0f	; 15
      000149 0F                     376 	.db #0x0f	; 15
      00014A 3F                     377 	.db #0x3f	; 63
      00014B 30                     378 	.db #0x30	; 48	'0'
      00014C 5F                     379 	.db #0x5f	; 95
      00014D 68                     380 	.db #0x68	; 104	'h'
      00014E 5F                     381 	.db #0x5f	; 95
      00014F 68                     382 	.db #0x68	; 104	'h'
      000150 EF                     383 	.db #0xef	; 239
      000151 F1                     384 	.db #0xf1	; 241
      000152 E6                     385 	.db #0xe6	; 230
      000153 F9                     386 	.db #0xf9	; 249
      000154 11                     387 	.db #0x11	; 17
      000155 1E                     388 	.db #0x1e	; 30
      000156 0E                     389 	.db #0x0e	; 14
      000157 0F                     390 	.db #0x0f	; 15
      000158 01                     391 	.db #0x01	; 1
      000159 01                     392 	.db #0x01	; 1
      00015A 00                     393 	.db #0x00	; 0
      00015B 00                     394 	.db #0x00	; 0
      00015C 00                     395 	.db #0x00	; 0
      00015D 00                     396 	.db #0x00	; 0
      00015E 00                     397 	.db #0x00	; 0
      00015F 00                     398 	.db #0x00	; 0
      000160 00                     399 	.db #0x00	; 0
      000161 00                     400 	.db #0x00	; 0
      000162 00                     401 	.db #0x00	; 0
      000163 00                     402 	.db #0x00	; 0
      000164 00                     403 	.db #0x00	; 0
      000165 00                     404 	.db #0x00	; 0
      000166 10                     405 	.db #0x10	; 16
      000167 10                     406 	.db #0x10	; 16
      000168 30                     407 	.db #0x30	; 48	'0'
      000169 30                     408 	.db #0x30	; 48	'0'
      00016A EB                     409 	.db #0xeb	; 235
      00016B FB                     410 	.db #0xfb	; 251
      00016C DF                     411 	.db #0xdf	; 223
      00016D 6D                     412 	.db #0x6d	; 109	'm'
      00016E BF                     413 	.db #0xbf	; 191
      00016F C9                     414 	.db #0xc9	; 201
      000170 7E                     415 	.db #0x7e	; 126
      000171 8A                     416 	.db #0x8a	; 138
      000172 FA                     417 	.db #0xfa	; 250
      000173 06                     418 	.db #0x06	; 6
      000174 E4                     419 	.db #0xe4	; 228
      000175 1C                     420 	.db #0x1c	; 28
      000176 18                     421 	.db #0x18	; 24
      000177 F8                     422 	.db #0xf8	; 248
      000178 E0                     423 	.db #0xe0	; 224
      000179 E0                     424 	.db #0xe0	; 224
      00017A 00                     425 	.db #0x00	; 0
      00017B 00                     426 	.db #0x00	; 0
      00017C 00                     427 	.db #0x00	; 0
      00017D 00                     428 	.db #0x00	; 0
      00017E 00                     429 	.db #0x00	; 0
      00017F 00                     430 	.db #0x00	; 0
      000180 01                     431 	.db #0x01	; 1
      000181 01                     432 	.db #0x01	; 1
      000182 03                     433 	.db #0x03	; 3
      000183 02                     434 	.db #0x02	; 2
      000184 43                     435 	.db #0x43	; 67	'C'
      000185 42                     436 	.db #0x42	; 66	'B'
      000186 67                     437 	.db #0x67	; 103	'g'
      000187 64                     438 	.db #0x64	; 100	'd'
      000188 6B                     439 	.db #0x6b	; 107	'k'
      000189 6C                     440 	.db #0x6c	; 108	'l'
      00018A 53                     441 	.db #0x53	; 83	'S'
      00018B 7C                     442 	.db #0x7c	; 124
      00018C 53                     443 	.db #0x53	; 83	'S'
      00018D 7C                     444 	.db #0x7c	; 124
      00018E 31                     445 	.db #0x31	; 49	'1'
      00018F 3E                     446 	.db #0x3e	; 62
      000190 31                     447 	.db #0x31	; 49	'1'
      000191 3E                     448 	.db #0x3e	; 62
      000192 10                     449 	.db #0x10	; 16
      000193 1F                     450 	.db #0x1f	; 31
      000194 08                     451 	.db #0x08	; 8
      000195 0F                     452 	.db #0x0f	; 15
      000196 0A                     453 	.db #0x0a	; 10
      000197 0F                     454 	.db #0x0f	; 15
      000198 04                     455 	.db #0x04	; 4
      000199 07                     456 	.db #0x07	; 7
      00019A 03                     457 	.db #0x03	; 3
      00019B 03                     458 	.db #0x03	; 3
      00019C 03                     459 	.db #0x03	; 3
      00019D 03                     460 	.db #0x03	; 3
      00019E 03                     461 	.db #0x03	; 3
      00019F 03                     462 	.db #0x03	; 3
      0001A0 80                     463 	.db #0x80	; 128
      0001A1 80                     464 	.db #0x80	; 128
      0001A2 C0                     465 	.db #0xc0	; 192
      0001A3 40                     466 	.db #0x40	; 64
      0001A4 C2                     467 	.db #0xc2	; 194
      0001A5 42                     468 	.db #0x42	; 66	'B'
      0001A6 E6                     469 	.db #0xe6	; 230
      0001A7 26                     470 	.db #0x26	; 38
      0001A8 F6                     471 	.db #0xf6	; 246
      0001A9 16                     472 	.db #0x16	; 22
      0001AA FA                     473 	.db #0xfa	; 250
      0001AB 0E                     474 	.db #0x0e	; 14
      0001AC FA                     475 	.db #0xfa	; 250
      0001AD 0E                     476 	.db #0x0e	; 14
      0001AE FC                     477 	.db #0xfc	; 252
      0001AF 0C                     478 	.db #0x0c	; 12
      0001B0 FC                     479 	.db #0xfc	; 252
      0001B1 0C                     480 	.db #0x0c	; 12
      0001B2 F8                     481 	.db #0xf8	; 248
      0001B3 08                     482 	.db #0x08	; 8
      0001B4 30                     483 	.db #0x30	; 48	'0'
      0001B5 D0                     484 	.db #0xd0	; 208
      0001B6 50                     485 	.db #0x50	; 80	'P'
      0001B7 F0                     486 	.db #0xf0	; 240
      0001B8 20                     487 	.db #0x20	; 32
      0001B9 E0                     488 	.db #0xe0	; 224
      0001BA C0                     489 	.db #0xc0	; 192
      0001BB C0                     490 	.db #0xc0	; 192
      0001BC C0                     491 	.db #0xc0	; 192
      0001BD C0                     492 	.db #0xc0	; 192
      0001BE C0                     493 	.db #0xc0	; 192
      0001BF C0                     494 	.db #0xc0	; 192
                                    495 	.area _INITIALIZER
                                    496 	.area _CABS (ABS)
